#
# A fatal error has been detected by the Java Runtime Environment:
#
#  SIGSEGV (0xb) at pc=0x00007cddf7000800, pid=30584, tid=30585
#
# JRE version:  (17.0.18+8) (build )
# Java VM: OpenJDK 64-Bit Server VM (17.0.18+8-Ubuntu-122.04.1, mixed mode, sharing, tiered, compressed oops, compressed class ptrs, g1 gc, linux-amd64)
# Problematic frame:
# C  0x00007cddf7000800
#
# Core dump will be written. Default location: Core dumps may be processed with "/usr/share/apport/apport -p%p -s%s -c%c -d%d -P%P -u%u -g%g -F%F -- %E" (or dumping to /home/sunil/React Native/day 03/rolex_03/core.30584)
#
#

---------------  S U M M A R Y ------------

Command Line: 

Host: AMD Ryzen 5 5500U with Radeon Graphics, 12 cores, 14G, Ubuntu 22.04.5 LTS
Time: Mon May 18 21:50:37 2026 IST elapsed time: 0.024526 seconds (0d 0h 0m 0s)

---------------  T H R E A D  ---------------

Current thread (0x00007cde74018010):  JavaThread "Unknown thread" [_thread_in_vm, id=30585, stack(0x00007cde79100000,0x00007cde79200000)]

Stack: [0x00007cde79100000,0x00007cde79200000],  sp=0x00007cde791fe5e8,  free space=1017k
Native frames: (J=compiled Java code, j=interpreted, Vv=VM code, C=native code)
C  0x00007cddf7000800
V  [libjvm.so+0x59d561]  ClassLoadingService::notify_class_loaded(InstanceKlass*, bool)+0x51
V  [libjvm.so+0xe751d7]  SystemDictionary::load_shared_class(InstanceKlass*, Handle, Handle, ClassFileStream const*, PackageEntry*, JavaThread*)+0x227
V  [libjvm.so+0xe7584e]  SystemDictionary::load_instance_class_impl(Symbol*, Handle, JavaThread*)+0x50e
V  [libjvm.so+0xe73c3c]  SystemDictionary::load_instance_class(unsigned int, Symbol*, Handle, JavaThread*)+0x2c
V  [libjvm.so+0xe74490]  SystemDictionary::resolve_instance_class_or_null(Symbol*, Handle, Handle, JavaThread*)+0x730
V  [libjvm.so+0x7f66c0]  HeapShared::resolve_or_init_classes_for_subgraph_of(Klass*, bool, JavaThread*)+0x180
V  [libjvm.so+0x7f6be9]  HeapShared::resolve_classes(JavaThread*)+0x179
V  [libjvm.so+0xeebb75]  Universe::genesis(JavaThread*)+0x285
V  [libjvm.so+0xeed2c8]  universe2_init()+0x28
V  [libjvm.so+0x80fc48]  init_globals()+0x78
V  [libjvm.so+0xec3ccf]  Threads::create_vm(JavaVMInitArgs*, bool*)+0x36f
V  [libjvm.so+0x8d2f13]  JNI_CreateJavaVM+0x53
C  [libjli.so+0x3d43]  JavaMain+0x93
C  [libjli.so+0x7fdd]  ThreadJavaMain+0xd


siginfo: si_signo: 11 (SIGSEGV), si_code: 2 (SEGV_ACCERR), si_addr: 0x00007cddf7000800
Error accessing class data sharing archive. Mapped file inaccessible during execution, possible disk/network problem.
Registers:
RAX=0x00007cddf7000800, RBX=0x0000000000000082, RCX=0x0000000000000001, RDX=0x00007cde79b86560
RSP=0x00007cde791fe5e8, RBP=0x00007cde791fe610, RSI=0x0000000000000001, RDI=0x00007cddf79bb628
R8 =0x0000000000000002, R9 =0x0000000000000000, R10=0x00007cde799ded20, R11=0x00007cddf74558f8
R12=0x00007cddf7146350, R13=0x000000000000000c, R14=0x00007cde7415f4f0, R15=0x00007cde791fe660
RIP=0x00007cddf7000800, EFLAGS=0x0000000000010287, CSGSFS=0x002b000000000033, ERR=0x0000000000000015
  TRAPNO=0x000000000000000e

XMM[0]=0x00007cde74018620 0x00007cde74018610
XMM[1]=0x00007cde74018620 0x00007cde74018610
XMM[2]=0x00007cde7415f4f0 0x00007cddf70708e8
XMM[3]=0x0000000000000000 0x00007cde791fe189
XMM[4]=0x0000021e0000021d 0x0000021c0000021b
XMM[5]=0x0000022400000223 0x0000022200000221
XMM[6]=0x0000021c0000021b 0x0000021a00000219
XMM[7]=0x0000021400000213 0x0000021200000211
XMM[8]=0x0000020c0000020b 0x0000020a00000209
XMM[9]=0x0000000000000000 0x0000000000000000
XMM[10]=0x0000000000000000 0x0000000000000000
XMM[11]=0x00007cde7a5d3b40 0x00007cde7a5d3960
XMM[12]=0x00007cde7a5d39c0 0x00007cde7a5d3cac
XMM[13]=0x00007cde7a5d3a40 0x00007cde7a5d3cac
XMM[14]=0x00007cde7a5d3ac0 0x00007cde7a5d3cac
XMM[15]=0xcafebabecafebabe 0xcafebabecafebabe
  MXCSR=0x00001fa0


Top of Stack: (sp=0x00007cde791fe5e8)
0x00007cde791fe5e8:   00007cde79b9d422 00007cddf79bbef0
0x00007cde791fe5f8:   00007cde740275e0 00007cde74018010
0x00007cde791fe608:   0000000000000000 00007cde791fe630
0x00007cde791fe618:   00007cde79b9d561 00007cde7415f4f0
0x00007cde791fe628:   00007cddf7146350 00007cde791fe6f0
0x00007cde791fe638:   00007cde7a4751d7 00007cde7a96406c
0x00007cde791fe648:   00007cde791fe680 00007cde7415f4f0
0x00007cde791fe658:   0000000000000000 00007cde74018010
0x00007cde791fe668:   0000000000000000 00007cddf7b859ac
0x00007cde791fe678:   00007cde791fe760 00007cde74018010
0x00007cde791fe688:   00007cde74018a00 00007cde7401e950
0x00007cde791fe698:   00007cde7401f000 00007cde74026938
0x00007cde791fe6a8:   00000000000080b0 00007cde791fe8e0
0x00007cde791fe6b8:   00007cde74018010 0000000000000000
0x00007cde791fe6c8:   00007cde74018010 0000000000000000
0x00007cde791fe6d8:   00007cddf74a66f8 00007cde740185d0
0x00007cde791fe6e8:   00007cde791fe760 00007cde791fe7e0
0x00007cde791fe6f8:   00007cde7a47584e 00007cde74170960
0x00007cde791fe708:   00007cddf7146350 00007cde00000000
0x00007cde791fe718:   00007cddf7473700 00000000000003d8
0x00007cde791fe728:   00007cde740189f8 00007cde74018610
0x00007cde791fe738:   00007cde74018620 00007cde74018610
0x00007cde791fe748:   00007cde74018620 00007cde791fe738
0x00007cde791fe758:   00007cddf7000000 0000000000000000
0x00007cde791fe768:   000000000168293d 00007cde7415f501
0x00007cde791fe778:   00007cde740281a0 00007cde7415f4f0
0x00007cde791fe788:   0000000000000000 0000000000000000
0x00007cde791fe798:   bff2204070818c00 00007cde74014820
0x00007cde791fe7a8:   ffffffffffffff80 0000000000000016
0x00007cde791fe7b8:   0000000000000000 00007cddf74a66f8
0x00007cde791fe7c8:   0000000060fa41aa 00007cde74018010
0x00007cde791fe7d8:   0000000000000000 00007cde791fe820 

Instructions: (pc=0x00007cddf7000800)
0x00007cddf7000700:   b0 85 21 7a de 7c 00 00 f0 ec 9d 79 de 7c 00 00
0x00007cddf7000710:   d0 cd 1b 7a de 7c 00 00 50 a7 21 7a de 7c 00 00
0x00007cddf7000720:   d0 e1 9d 79 de 7c 00 00 c0 b1 21 7a de 7c 00 00
0x00007cddf7000730:   50 85 21 7a de 7c 00 00 70 85 21 7a de 7c 00 00
0x00007cddf7000740:   b0 9b 07 7a de 7c 00 00 40 ac 21 7a de 7c 00 00
0x00007cddf7000750:   10 ed 9d 79 de 7c 00 00 f0 84 21 7a de 7c 00 00
0x00007cddf7000760:   f0 e1 9d 79 de 7c 00 00 10 e2 9d 79 de 7c 00 00
0x00007cddf7000770:   10 9a 21 7a de 7c 00 00 e0 95 21 7a de 7c 00 00
0x00007cddf7000780:   b0 87 21 7a de 7c 00 00 90 86 21 7a de 7c 00 00
0x00007cddf7000790:   50 05 c1 79 de 7c 00 00 20 ea 9d 79 de 7c 00 00
0x00007cddf70007a0:   30 eb 9d 79 de 7c 00 00 90 84 21 7a de 7c 00 00
0x00007cddf70007b0:   60 92 07 7a de 7c 00 00 50 e2 9d 79 de 7c 00 00
0x00007cddf70007c0:   b0 91 07 7a de 7c 00 00 10 85 21 7a de 7c 00 00
0x00007cddf70007d0:   b0 e2 9d 79 de 7c 00 00 f0 85 21 7a de 7c 00 00
0x00007cddf70007e0:   50 ec 9d 79 de 7c 00 00 a0 b2 21 7a de 7c 00 00
0x00007cddf70007f0:   c0 b3 21 7a de 7c 00 00 e0 a4 21 7a de 7c 00 00
0x00007cddf7000800:   2b 00 00 00 00 00 00 00 a0 ec 9d 79 de 7c 00 00
0x00007cddf7000810:   00 ed 9d 79 de 7c 00 00 b0 ec 9d 79 de 7c 00 00
0x00007cddf7000820:   c0 ec 9d 79 de 7c 00 00 d0 ec 9d 79 de 7c 00 00
0x00007cddf7000830:   e0 ec 9d 79 de 7c 00 00 80 06 c1 79 de 7c 00 00
0x00007cddf7000840:   70 ef 9c 79 de 7c 00 00 80 3b 4e 7a de 7c 00 00
0x00007cddf7000850:   c0 e8 9d 79 de 7c 00 00 d0 3a 4e 7a de 7c 00 00
0x00007cddf7000860:   00 3b 4e 7a de 7c 00 00 f0 ec 9d 79 de 7c 00 00
0x00007cddf7000870:   d0 cd 1b 7a de 7c 00 00 30 e2 9d 79 de 7c 00 00
0x00007cddf7000880:   d0 e1 9d 79 de 7c 00 00 40 91 07 7a de 7c 00 00
0x00007cddf7000890:   e0 3a 4e 7a de 7c 00 00 f0 3a 4e 7a de 7c 00 00
0x00007cddf70008a0:   b0 9b 07 7a de 7c 00 00 c0 45 4e 7a de 7c 00 00
0x00007cddf70008b0:   10 ed 9d 79 de 7c 00 00 d0 3a 4e 7a de 7c 00 00
0x00007cddf70008c0:   f0 e1 9d 79 de 7c 00 00 10 e2 9d 79 de 7c 00 00
0x00007cddf70008d0:   10 3f 4e 7a de 7c 00 00 e0 3c 4e 7a de 7c 00 00
0x00007cddf70008e0:   40 3a 4e 7a de 7c 00 00 90 3b 4e 7a de 7c 00 00
0x00007cddf70008f0:   00 05 c1 79 de 7c 00 00 20 ea 9d 79 de 7c 00 00 



---------------  P R O C E S S  ---------------

Threads class SMR info:
_java_thread_list=0x00007cde7a9864e0, length=0, elements={
}

Java Threads: ( => current thread )

Other Threads:
  0x00007cde74080cf0 GCTaskThread "GC Thread#0" [stack: 0x00007cde7848f000,0x00007cde7858f000] [id=30586]
  0x00007cde74091250 ConcurrentGCThread "G1 Main Marker" [stack: 0x00007cde7838e000,0x00007cde7848e000] [id=30587]
  0x00007cde740921c0 ConcurrentGCThread "G1 Conc#0" [stack: 0x00007cde7828d000,0x00007cde7838d000] [id=30588]
  0x00007cde74149a30 ConcurrentGCThread "G1 Refine#0" [stack: 0x00007cde45cfe000,0x00007cde45dfe000] [id=30589]
  0x00007cde7414a930 ConcurrentGCThread "G1 Service" [stack: 0x00007cde45bfd000,0x00007cde45cfd000] [id=30590]

=>0x00007cde74018010 (exited) JavaThread "Unknown thread" [_thread_in_vm, id=30585, stack(0x00007cde79100000,0x00007cde79200000)]

Threads with active compile tasks:

VM state: not at safepoint (not fully initialized)

VM Mutex/Monitor currently owned by a thread: None

Heap address: 0x0000000710c00000, size: 3828 MB, Compressed Oops mode: Zero based, Oop shift amount: 3

CDS archive(s) mapped at: [0x00007cddf7000000-0x00007cddf7bca000-0x00007cddf7bca000), size 12361728, SharedBaseAddress: 0x00007cddf7000000, ArchiveRelocationMode: 1.
Compressed class space mapped at: 0x00007cddf8000000-0x00007cde38000000, reserved size: 1073741824
Narrow klass base: 0x00007cddf7000000, Narrow klass shift: 0, Narrow klass range: 0x100000000

GC Precious Log:
 CPUs: 12 total, 12 available
 Memory: 15307M
 Large Page Support: Disabled
 NUMA Support: Disabled
 Compressed Oops: Enabled (Zero based)
 Heap Region Size: 2M
 Heap Min Capacity: 8M
 Heap Initial Capacity: 240M
 Heap Max Capacity: 3828M
 Pre-touch: Disabled
 Parallel Workers: 10
 Concurrent Workers: 3
 Concurrent Refinement Workers: 10
 Periodic GC: Disabled

Heap:
 garbage-first heap   total 249856K, used 1972K [0x0000000710c00000, 0x0000000800000000)
  region size 2048K, 1 young (2048K), 0 survivors (0K)
 Metaspace       used 0K, committed 0K, reserved 1048576K
  class space    used 0K, committed 0K, reserved 1048576K

Heap Regions: E=young(eden), S=young(survivor), O=old, HS=humongous(starts), HC=humongous(continues), CS=collection set, F=free, OA=open archive, CA=closed archive, TAMS=top-at-mark-start (previous, next)
|   0|0x0000000710c00000, 0x0000000710c00000, 0x0000000710e00000|  0%| F|  |TAMS 0x0000000710c00000, 0x0000000710c00000| Untracked 
|   1|0x0000000710e00000, 0x0000000710e00000, 0x0000000711000000|  0%| F|  |TAMS 0x0000000710e00000, 0x0000000710e00000| Untracked 
|   2|0x0000000711000000, 0x0000000711000000, 0x0000000711200000|  0%| F|  |TAMS 0x0000000711000000, 0x0000000711000000| Untracked 
|   3|0x0000000711200000, 0x0000000711200000, 0x0000000711400000|  0%| F|  |TAMS 0x0000000711200000, 0x0000000711200000| Untracked 
|   4|0x0000000711400000, 0x0000000711400000, 0x0000000711600000|  0%| F|  |TAMS 0x0000000711400000, 0x0000000711400000| Untracked 
|   5|0x0000000711600000, 0x0000000711600000, 0x0000000711800000|  0%| F|  |TAMS 0x0000000711600000, 0x0000000711600000| Untracked 
|   6|0x0000000711800000, 0x0000000711800000, 0x0000000711a00000|  0%| F|  |TAMS 0x0000000711800000, 0x0000000711800000| Untracked 
|   7|0x0000000711a00000, 0x0000000711a00000, 0x0000000711c00000|  0%| F|  |TAMS 0x0000000711a00000, 0x0000000711a00000| Untracked 
|   8|0x0000000711c00000, 0x0000000711c00000, 0x0000000711e00000|  0%| F|  |TAMS 0x0000000711c00000, 0x0000000711c00000| Untracked 
|   9|0x0000000711e00000, 0x0000000711e00000, 0x0000000712000000|  0%| F|  |TAMS 0x0000000711e00000, 0x0000000711e00000| Untracked 
|  10|0x0000000712000000, 0x0000000712000000, 0x0000000712200000|  0%| F|  |TAMS 0x0000000712000000, 0x0000000712000000| Untracked 
|  11|0x0000000712200000, 0x0000000712200000, 0x0000000712400000|  0%| F|  |TAMS 0x0000000712200000, 0x0000000712200000| Untracked 
|  12|0x0000000712400000, 0x0000000712400000, 0x0000000712600000|  0%| F|  |TAMS 0x0000000712400000, 0x0000000712400000| Untracked 
|  13|0x0000000712600000, 0x0000000712600000, 0x0000000712800000|  0%| F|  |TAMS 0x0000000712600000, 0x0000000712600000| Untracked 
|  14|0x0000000712800000, 0x0000000712800000, 0x0000000712a00000|  0%| F|  |TAMS 0x0000000712800000, 0x0000000712800000| Untracked 
|  15|0x0000000712a00000, 0x0000000712a00000, 0x0000000712c00000|  0%| F|  |TAMS 0x0000000712a00000, 0x0000000712a00000| Untracked 
|  16|0x0000000712c00000, 0x0000000712c00000, 0x0000000712e00000|  0%| F|  |TAMS 0x0000000712c00000, 0x0000000712c00000| Untracked 
|  17|0x0000000712e00000, 0x0000000712e00000, 0x0000000713000000|  0%| F|  |TAMS 0x0000000712e00000, 0x0000000712e00000| Untracked 
|  18|0x0000000713000000, 0x0000000713000000, 0x0000000713200000|  0%| F|  |TAMS 0x0000000713000000, 0x0000000713000000| Untracked 
|  19|0x0000000713200000, 0x0000000713200000, 0x0000000713400000|  0%| F|  |TAMS 0x0000000713200000, 0x0000000713200000| Untracked 
|  20|0x0000000713400000, 0x0000000713400000, 0x0000000713600000|  0%| F|  |TAMS 0x0000000713400000, 0x0000000713400000| Untracked 
|  21|0x0000000713600000, 0x0000000713600000, 0x0000000713800000|  0%| F|  |TAMS 0x0000000713600000, 0x0000000713600000| Untracked 
|  22|0x0000000713800000, 0x0000000713800000, 0x0000000713a00000|  0%| F|  |TAMS 0x0000000713800000, 0x0000000713800000| Untracked 
|  23|0x0000000713a00000, 0x0000000713a00000, 0x0000000713c00000|  0%| F|  |TAMS 0x0000000713a00000, 0x0000000713a00000| Untracked 
|  24|0x0000000713c00000, 0x0000000713c00000, 0x0000000713e00000|  0%| F|  |TAMS 0x0000000713c00000, 0x0000000713c00000| Untracked 
|  25|0x0000000713e00000, 0x0000000713e00000, 0x0000000714000000|  0%| F|  |TAMS 0x0000000713e00000, 0x0000000713e00000| Untracked 
|  26|0x0000000714000000, 0x0000000714000000, 0x0000000714200000|  0%| F|  |TAMS 0x0000000714000000, 0x0000000714000000| Untracked 
|  27|0x0000000714200000, 0x0000000714200000, 0x0000000714400000|  0%| F|  |TAMS 0x0000000714200000, 0x0000000714200000| Untracked 
|  28|0x0000000714400000, 0x0000000714400000, 0x0000000714600000|  0%| F|  |TAMS 0x0000000714400000, 0x0000000714400000| Untracked 
|  29|0x0000000714600000, 0x0000000714600000, 0x0000000714800000|  0%| F|  |TAMS 0x0000000714600000, 0x0000000714600000| Untracked 
|  30|0x0000000714800000, 0x0000000714800000, 0x0000000714a00000|  0%| F|  |TAMS 0x0000000714800000, 0x0000000714800000| Untracked 
|  31|0x0000000714a00000, 0x0000000714a00000, 0x0000000714c00000|  0%| F|  |TAMS 0x0000000714a00000, 0x0000000714a00000| Untracked 
|  32|0x0000000714c00000, 0x0000000714c00000, 0x0000000714e00000|  0%| F|  |TAMS 0x0000000714c00000, 0x0000000714c00000| Untracked 
|  33|0x0000000714e00000, 0x0000000714e00000, 0x0000000715000000|  0%| F|  |TAMS 0x0000000714e00000, 0x0000000714e00000| Untracked 
|  34|0x0000000715000000, 0x0000000715000000, 0x0000000715200000|  0%| F|  |TAMS 0x0000000715000000, 0x0000000715000000| Untracked 
|  35|0x0000000715200000, 0x0000000715200000, 0x0000000715400000|  0%| F|  |TAMS 0x0000000715200000, 0x0000000715200000| Untracked 
|  36|0x0000000715400000, 0x0000000715400000, 0x0000000715600000|  0%| F|  |TAMS 0x0000000715400000, 0x0000000715400000| Untracked 
|  37|0x0000000715600000, 0x0000000715600000, 0x0000000715800000|  0%| F|  |TAMS 0x0000000715600000, 0x0000000715600000| Untracked 
|  38|0x0000000715800000, 0x0000000715800000, 0x0000000715a00000|  0%| F|  |TAMS 0x0000000715800000, 0x0000000715800000| Untracked 
|  39|0x0000000715a00000, 0x0000000715a00000, 0x0000000715c00000|  0%| F|  |TAMS 0x0000000715a00000, 0x0000000715a00000| Untracked 
|  40|0x0000000715c00000, 0x0000000715c00000, 0x0000000715e00000|  0%| F|  |TAMS 0x0000000715c00000, 0x0000000715c00000| Untracked 
|  41|0x0000000715e00000, 0x0000000715e00000, 0x0000000716000000|  0%| F|  |TAMS 0x0000000715e00000, 0x0000000715e00000| Untracked 
|  42|0x0000000716000000, 0x0000000716000000, 0x0000000716200000|  0%| F|  |TAMS 0x0000000716000000, 0x0000000716000000| Untracked 
|  43|0x0000000716200000, 0x0000000716200000, 0x0000000716400000|  0%| F|  |TAMS 0x0000000716200000, 0x0000000716200000| Untracked 
|  44|0x0000000716400000, 0x0000000716400000, 0x0000000716600000|  0%| F|  |TAMS 0x0000000716400000, 0x0000000716400000| Untracked 
|  45|0x0000000716600000, 0x0000000716600000, 0x0000000716800000|  0%| F|  |TAMS 0x0000000716600000, 0x0000000716600000| Untracked 
|  46|0x0000000716800000, 0x0000000716800000, 0x0000000716a00000|  0%| F|  |TAMS 0x0000000716800000, 0x0000000716800000| Untracked 
|  47|0x0000000716a00000, 0x0000000716a00000, 0x0000000716c00000|  0%| F|  |TAMS 0x0000000716a00000, 0x0000000716a00000| Untracked 
|  48|0x0000000716c00000, 0x0000000716c00000, 0x0000000716e00000|  0%| F|  |TAMS 0x0000000716c00000, 0x0000000716c00000| Untracked 
|  49|0x0000000716e00000, 0x0000000716e00000, 0x0000000717000000|  0%| F|  |TAMS 0x0000000716e00000, 0x0000000716e00000| Untracked 
|  50|0x0000000717000000, 0x0000000717000000, 0x0000000717200000|  0%| F|  |TAMS 0x0000000717000000, 0x0000000717000000| Untracked 
|  51|0x0000000717200000, 0x0000000717200000, 0x0000000717400000|  0%| F|  |TAMS 0x0000000717200000, 0x0000000717200000| Untracked 
|  52|0x0000000717400000, 0x0000000717400000, 0x0000000717600000|  0%| F|  |TAMS 0x0000000717400000, 0x0000000717400000| Untracked 
|  53|0x0000000717600000, 0x0000000717600000, 0x0000000717800000|  0%| F|  |TAMS 0x0000000717600000, 0x0000000717600000| Untracked 
|  54|0x0000000717800000, 0x0000000717800000, 0x0000000717a00000|  0%| F|  |TAMS 0x0000000717800000, 0x0000000717800000| Untracked 
|  55|0x0000000717a00000, 0x0000000717a00000, 0x0000000717c00000|  0%| F|  |TAMS 0x0000000717a00000, 0x0000000717a00000| Untracked 
|  56|0x0000000717c00000, 0x0000000717c00000, 0x0000000717e00000|  0%| F|  |TAMS 0x0000000717c00000, 0x0000000717c00000| Untracked 
|  57|0x0000000717e00000, 0x0000000717e00000, 0x0000000718000000|  0%| F|  |TAMS 0x0000000717e00000, 0x0000000717e00000| Untracked 
|  58|0x0000000718000000, 0x0000000718000000, 0x0000000718200000|  0%| F|  |TAMS 0x0000000718000000, 0x0000000718000000| Untracked 
|  59|0x0000000718200000, 0x0000000718200000, 0x0000000718400000|  0%| F|  |TAMS 0x0000000718200000, 0x0000000718200000| Untracked 
|  60|0x0000000718400000, 0x0000000718400000, 0x0000000718600000|  0%| F|  |TAMS 0x0000000718400000, 0x0000000718400000| Untracked 
|  61|0x0000000718600000, 0x0000000718600000, 0x0000000718800000|  0%| F|  |TAMS 0x0000000718600000, 0x0000000718600000| Untracked 
|  62|0x0000000718800000, 0x0000000718800000, 0x0000000718a00000|  0%| F|  |TAMS 0x0000000718800000, 0x0000000718800000| Untracked 
|  63|0x0000000718a00000, 0x0000000718a00000, 0x0000000718c00000|  0%| F|  |TAMS 0x0000000718a00000, 0x0000000718a00000| Untracked 
|  64|0x0000000718c00000, 0x0000000718c00000, 0x0000000718e00000|  0%| F|  |TAMS 0x0000000718c00000, 0x0000000718c00000| Untracked 
|  65|0x0000000718e00000, 0x0000000718e00000, 0x0000000719000000|  0%| F|  |TAMS 0x0000000718e00000, 0x0000000718e00000| Untracked 
|  66|0x0000000719000000, 0x0000000719000000, 0x0000000719200000|  0%| F|  |TAMS 0x0000000719000000, 0x0000000719000000| Untracked 
|  67|0x0000000719200000, 0x0000000719200000, 0x0000000719400000|  0%| F|  |TAMS 0x0000000719200000, 0x0000000719200000| Untracked 
|  68|0x0000000719400000, 0x0000000719400000, 0x0000000719600000|  0%| F|  |TAMS 0x0000000719400000, 0x0000000719400000| Untracked 
|  69|0x0000000719600000, 0x0000000719600000, 0x0000000719800000|  0%| F|  |TAMS 0x0000000719600000, 0x0000000719600000| Untracked 
|  70|0x0000000719800000, 0x0000000719800000, 0x0000000719a00000|  0%| F|  |TAMS 0x0000000719800000, 0x0000000719800000| Untracked 
|  71|0x0000000719a00000, 0x0000000719a00000, 0x0000000719c00000|  0%| F|  |TAMS 0x0000000719a00000, 0x0000000719a00000| Untracked 
|  72|0x0000000719c00000, 0x0000000719c00000, 0x0000000719e00000|  0%| F|  |TAMS 0x0000000719c00000, 0x0000000719c00000| Untracked 
|  73|0x0000000719e00000, 0x0000000719e00000, 0x000000071a000000|  0%| F|  |TAMS 0x0000000719e00000, 0x0000000719e00000| Untracked 
|  74|0x000000071a000000, 0x000000071a000000, 0x000000071a200000|  0%| F|  |TAMS 0x000000071a000000, 0x000000071a000000| Untracked 
|  75|0x000000071a200000, 0x000000071a200000, 0x000000071a400000|  0%| F|  |TAMS 0x000000071a200000, 0x000000071a200000| Untracked 
|  76|0x000000071a400000, 0x000000071a400000, 0x000000071a600000|  0%| F|  |TAMS 0x000000071a400000, 0x000000071a400000| Untracked 
|  77|0x000000071a600000, 0x000000071a600000, 0x000000071a800000|  0%| F|  |TAMS 0x000000071a600000, 0x000000071a600000| Untracked 
|  78|0x000000071a800000, 0x000000071a800000, 0x000000071aa00000|  0%| F|  |TAMS 0x000000071a800000, 0x000000071a800000| Untracked 
|  79|0x000000071aa00000, 0x000000071aa00000, 0x000000071ac00000|  0%| F|  |TAMS 0x000000071aa00000, 0x000000071aa00000| Untracked 
|  80|0x000000071ac00000, 0x000000071ac00000, 0x000000071ae00000|  0%| F|  |TAMS 0x000000071ac00000, 0x000000071ac00000| Untracked 
|  81|0x000000071ae00000, 0x000000071ae00000, 0x000000071b000000|  0%| F|  |TAMS 0x000000071ae00000, 0x000000071ae00000| Untracked 
|  82|0x000000071b000000, 0x000000071b000000, 0x000000071b200000|  0%| F|  |TAMS 0x000000071b000000, 0x000000071b000000| Untracked 
|  83|0x000000071b200000, 0x000000071b200000, 0x000000071b400000|  0%| F|  |TAMS 0x000000071b200000, 0x000000071b200000| Untracked 
|  84|0x000000071b400000, 0x000000071b400000, 0x000000071b600000|  0%| F|  |TAMS 0x000000071b400000, 0x000000071b400000| Untracked 
|  85|0x000000071b600000, 0x000000071b600000, 0x000000071b800000|  0%| F|  |TAMS 0x000000071b600000, 0x000000071b600000| Untracked 
|  86|0x000000071b800000, 0x000000071b800000, 0x000000071ba00000|  0%| F|  |TAMS 0x000000071b800000, 0x000000071b800000| Untracked 
|  87|0x000000071ba00000, 0x000000071ba00000, 0x000000071bc00000|  0%| F|  |TAMS 0x000000071ba00000, 0x000000071ba00000| Untracked 
|  88|0x000000071bc00000, 0x000000071bc00000, 0x000000071be00000|  0%| F|  |TAMS 0x000000071bc00000, 0x000000071bc00000| Untracked 
|  89|0x000000071be00000, 0x000000071be00000, 0x000000071c000000|  0%| F|  |TAMS 0x000000071be00000, 0x000000071be00000| Untracked 
|  90|0x000000071c000000, 0x000000071c000000, 0x000000071c200000|  0%| F|  |TAMS 0x000000071c000000, 0x000000071c000000| Untracked 
|  91|0x000000071c200000, 0x000000071c200000, 0x000000071c400000|  0%| F|  |TAMS 0x000000071c200000, 0x000000071c200000| Untracked 
|  92|0x000000071c400000, 0x000000071c400000, 0x000000071c600000|  0%| F|  |TAMS 0x000000071c400000, 0x000000071c400000| Untracked 
|  93|0x000000071c600000, 0x000000071c600000, 0x000000071c800000|  0%| F|  |TAMS 0x000000071c600000, 0x000000071c600000| Untracked 
|  94|0x000000071c800000, 0x000000071c800000, 0x000000071ca00000|  0%| F|  |TAMS 0x000000071c800000, 0x000000071c800000| Untracked 
|  95|0x000000071ca00000, 0x000000071ca00000, 0x000000071cc00000|  0%| F|  |TAMS 0x000000071ca00000, 0x000000071ca00000| Untracked 
|  96|0x000000071cc00000, 0x000000071cc00000, 0x000000071ce00000|  0%| F|  |TAMS 0x000000071cc00000, 0x000000071cc00000| Untracked 
|  97|0x000000071ce00000, 0x000000071ce00000, 0x000000071d000000|  0%| F|  |TAMS 0x000000071ce00000, 0x000000071ce00000| Untracked 
|  98|0x000000071d000000, 0x000000071d000000, 0x000000071d200000|  0%| F|  |TAMS 0x000000071d000000, 0x000000071d000000| Untracked 
|  99|0x000000071d200000, 0x000000071d200000, 0x000000071d400000|  0%| F|  |TAMS 0x000000071d200000, 0x000000071d200000| Untracked 
| 100|0x000000071d400000, 0x000000071d400000, 0x000000071d600000|  0%| F|  |TAMS 0x000000071d400000, 0x000000071d400000| Untracked 
| 101|0x000000071d600000, 0x000000071d600000, 0x000000071d800000|  0%| F|  |TAMS 0x000000071d600000, 0x000000071d600000| Untracked 
| 102|0x000000071d800000, 0x000000071d800000, 0x000000071da00000|  0%| F|  |TAMS 0x000000071d800000, 0x000000071d800000| Untracked 
| 103|0x000000071da00000, 0x000000071da00000, 0x000000071dc00000|  0%| F|  |TAMS 0x000000071da00000, 0x000000071da00000| Untracked 
| 104|0x000000071dc00000, 0x000000071dc00000, 0x000000071de00000|  0%| F|  |TAMS 0x000000071dc00000, 0x000000071dc00000| Untracked 
| 105|0x000000071de00000, 0x000000071de00000, 0x000000071e000000|  0%| F|  |TAMS 0x000000071de00000, 0x000000071de00000| Untracked 
| 106|0x000000071e000000, 0x000000071e000000, 0x000000071e200000|  0%| F|  |TAMS 0x000000071e000000, 0x000000071e000000| Untracked 
| 107|0x000000071e200000, 0x000000071e200000, 0x000000071e400000|  0%| F|  |TAMS 0x000000071e200000, 0x000000071e200000| Untracked 
| 108|0x000000071e400000, 0x000000071e400000, 0x000000071e600000|  0%| F|  |TAMS 0x000000071e400000, 0x000000071e400000| Untracked 
| 109|0x000000071e600000, 0x000000071e600000, 0x000000071e800000|  0%| F|  |TAMS 0x000000071e600000, 0x000000071e600000| Untracked 
| 110|0x000000071e800000, 0x000000071e800000, 0x000000071ea00000|  0%| F|  |TAMS 0x000000071e800000, 0x000000071e800000| Untracked 
| 111|0x000000071ea00000, 0x000000071ea00000, 0x000000071ec00000|  0%| F|  |TAMS 0x000000071ea00000, 0x000000071ea00000| Untracked 
| 112|0x000000071ec00000, 0x000000071ec00000, 0x000000071ee00000|  0%| F|  |TAMS 0x000000071ec00000, 0x000000071ec00000| Untracked 
| 113|0x000000071ee00000, 0x000000071ee00000, 0x000000071f000000|  0%| F|  |TAMS 0x000000071ee00000, 0x000000071ee00000| Untracked 
| 114|0x000000071f000000, 0x000000071f000000, 0x000000071f200000|  0%| F|  |TAMS 0x000000071f000000, 0x000000071f000000| Untracked 
| 115|0x000000071f200000, 0x000000071f200000, 0x000000071f400000|  0%| F|  |TAMS 0x000000071f200000, 0x000000071f200000| Untracked 
| 116|0x000000071f400000, 0x000000071f400000, 0x000000071f600000|  0%| F|  |TAMS 0x000000071f400000, 0x000000071f400000| Untracked 
| 117|0x000000071f600000, 0x000000071f600000, 0x000000071f800000|  0%| F|  |TAMS 0x000000071f600000, 0x000000071f600000| Untracked 
| 118|0x000000071f800000, 0x000000071f800000, 0x000000071fa00000|  0%| F|  |TAMS 0x000000071f800000, 0x000000071f800000| Untracked 
| 119|0x000000071fa00000, 0x000000071fa70a48, 0x000000071fc00000| 22%| E|  |TAMS 0x000000071fa00000, 0x000000071fa00000| Complete 
|1912|0x00000007ffc00000, 0x00000007ffd75000, 0x00000007ffe00000| 72%|OA|  |TAMS 0x00000007ffc00000, 0x00000007ffc00000| Untracked 
|1913|0x00000007ffe00000, 0x00000007ffe78000, 0x0000000800000000| 23%|CA|  |TAMS 0x00000007ffe00000, 0x00000007ffe00000| Untracked 

Card table byte_map: [0x00007cde5c50c000,0x00007cde5cc86000] _byte_map_base: 0x00007cde58c86000

Marking Bits (Prev, Next): (CMBitMap*) 0x00007cde74081780, (CMBitMap*) 0x00007cde740817c0
 Prev Bits: [0x00007cde581c2000, 0x00007cde5bd92000)
 Next Bits: [0x00007cde545f2000, 0x00007cde581c2000)

GC Heap History (0 events):
No events

Dll operation events (1 events):
Event: 0.003 Loaded shared library /usr/lib/jvm/java-17-openjdk-amd64/lib/libjava.so

Deoptimization events (0 events):
No events

Classes loaded (0 events):
No events

Classes unloaded (0 events):
No events

Classes redefined (0 events):
No events

Internal exceptions (0 events):
No events

VM Operations (0 events):
No events

Memory protections (1 events):
Event: 0.002 Protecting memory [0x00007cde79100000,0x00007cde79104000] with protection modes 0

Nmethod flushes (0 events):
No events

Events (0 events):
No events


Dynamic libraries:
710c00000-71fc00000 rw-p 00000000 00:00 0 
71fc00000-7ffc00000 ---p 00000000 00:00 0 
7ffc00000-7ffd00000 rw-p 00000000 00:00 0 
7ffd00000-7ffd75000 rw-p 00c7a000 103:02 5145726                         /usr/lib/jvm/java-17-openjdk-amd64/lib/server/classes.jsa
7ffd75000-7ffe00000 rw-p 00000000 00:00 0 
7ffe00000-7ffe78000 rw-p 00c02000 103:02 5145726                         /usr/lib/jvm/java-17-openjdk-amd64/lib/server/classes.jsa
7ffe78000-800000000 rw-p 00000000 00:00 0 
60c040c99000-60c040c9a000 r--p 00000000 103:02 5116657                   /usr/lib/jvm/java-17-openjdk-amd64/bin/java
60c040c9a000-60c040c9b000 r-xp 00001000 103:02 5116657                   /usr/lib/jvm/java-17-openjdk-amd64/bin/java
60c040c9b000-60c040c9c000 r--p 00002000 103:02 5116657                   /usr/lib/jvm/java-17-openjdk-amd64/bin/java
60c040c9c000-60c040c9d000 r--p 00002000 103:02 5116657                   /usr/lib/jvm/java-17-openjdk-amd64/bin/java
60c040c9d000-60c040c9e000 rw-p 00003000 103:02 5116657                   /usr/lib/jvm/java-17-openjdk-amd64/bin/java
60c076473000-60c0764ba000 rw-p 00000000 00:00 0                          [heap]
7cddf7000000-7cddf7bca000 rw-p 00001000 103:02 5145726                   /usr/lib/jvm/java-17-openjdk-amd64/lib/server/classes.jsa
7cddf7bca000-7cde38000000 ---p 00000000 00:00 0 
7cde38000000-7cde38021000 rw-p 00000000 00:00 0 
7cde38021000-7cde3c000000 ---p 00000000 00:00 0 
7cde40000000-7cde40021000 rw-p 00000000 00:00 0 
7cde40021000-7cde44000000 ---p 00000000 00:00 0 
7cde45819000-7cde45bfc000 rw-p 00000000 00:00 0 
7cde45bfc000-7cde45bfd000 ---p 00000000 00:00 0 
7cde45bfd000-7cde45cfd000 rw-p 00000000 00:00 0 
7cde45cfd000-7cde45cfe000 ---p 00000000 00:00 0 
7cde45cfe000-7cde45dfe000 rw-p 00000000 00:00 0 
7cde45dfe000-7cde48000000 rw-p 00000000 00:00 0 
7cde48000000-7cde48021000 rw-p 00000000 00:00 0 
7cde48021000-7cde4c000000 ---p 00000000 00:00 0 
7cde4c000000-7cde4c021000 rw-p 00000000 00:00 0 
7cde4c021000-7cde50000000 ---p 00000000 00:00 0 
7cde50000000-7cde50021000 rw-p 00000000 00:00 0 
7cde50021000-7cde54000000 ---p 00000000 00:00 0 
7cde5406c000-7cde549b2000 rw-p 00000000 00:00 0 
7cde549b2000-7cde581b2000 ---p 00000000 00:00 0 
7cde581b2000-7cde58582000 rw-p 00000000 00:00 0 
7cde58582000-7cde5bd82000 ---p 00000000 00:00 0 
7cde5bd82000-7cde5be0a000 rw-p 00000000 00:00 0 
7cde5be0a000-7cde5c50a000 ---p 00000000 00:00 0 
7cde5c50a000-7cde5c584000 rw-p 00000000 00:00 0 
7cde5c584000-7cde5cc84000 ---p 00000000 00:00 0 
7cde5cc84000-7cde5ccfe000 rw-p 00000000 00:00 0 
7cde5ccfe000-7cde5d3fe000 ---p 00000000 00:00 0 
7cde5d3fe000-7cde5d400000 rw-p 00000000 00:00 0 
7cde5d400000-7cde5d670000 rwxp 00000000 00:00 0 
7cde5d670000-7cde64937000 ---p 00000000 00:00 0 
7cde64937000-7cde64ba7000 rwxp 00000000 00:00 0 
7cde64ba7000-7cde64ec9000 ---p 00000000 00:00 0 
7cde64ec9000-7cde65139000 rwxp 00000000 00:00 0 
7cde65139000-7cde6c400000 ---p 00000000 00:00 0 
7cde6c400000-7cde73ed5000 r--s 00000000 103:02 5145725                   /usr/lib/jvm/java-17-openjdk-amd64/lib/modules
7cde73eff000-7cde74000000 rw-p 00000000 00:00 0 
7cde74000000-7cde7417d000 rw-p 00000000 00:00 0 
7cde7417d000-7cde78000000 ---p 00000000 00:00 0 
7cde7802f000-7cde7828c000 rw-p 00000000 00:00 0 
7cde7828c000-7cde7828d000 ---p 00000000 00:00 0 
7cde7828d000-7cde7838d000 rw-p 00000000 00:00 0 
7cde7838d000-7cde7838e000 ---p 00000000 00:00 0 
7cde7838e000-7cde7848e000 rw-p 00000000 00:00 0 
7cde7848e000-7cde7848f000 ---p 00000000 00:00 0 
7cde7848f000-7cde7858f000 rw-p 00000000 00:00 0 
7cde7858f000-7cde7901a000 rw-p 00000000 00:00 0 
7cde7901a000-7cde79100000 ---p 00000000 00:00 0 
7cde79100000-7cde79104000 ---p 00000000 00:00 0 
7cde79104000-7cde79200000 rw-p 00000000 00:00 0 
7cde79200000-7cde7929a000 r--p 00000000 103:02 4853096                   /usr/lib/x86_64-linux-gnu/libstdc++.so.6.0.30
7cde7929a000-7cde793ab000 r-xp 0009a000 103:02 4853096                   /usr/lib/x86_64-linux-gnu/libstdc++.so.6.0.30
7cde793ab000-7cde7941a000 r--p 001ab000 103:02 4853096                   /usr/lib/x86_64-linux-gnu/libstdc++.so.6.0.30
7cde7941a000-7cde7941b000 ---p 0021a000 103:02 4853096                   /usr/lib/x86_64-linux-gnu/libstdc++.so.6.0.30
7cde7941b000-7cde79426000 r--p 0021a000 103:02 4853096                   /usr/lib/x86_64-linux-gnu/libstdc++.so.6.0.30
7cde79426000-7cde79429000 rw-p 00225000 103:02 4853096                   /usr/lib/x86_64-linux-gnu/libstdc++.so.6.0.30
7cde79429000-7cde7942c000 rw-p 00000000 00:00 0 
7cde7942e000-7cde79433000 rw-p 00000000 00:00 0 
7cde79433000-7cde79519000 ---p 00000000 00:00 0 
7cde79519000-7cde79527000 r--p 00000000 103:02 4851930                   /usr/lib/x86_64-linux-gnu/libm.so.6
7cde79527000-7cde795a3000 r-xp 0000e000 103:02 4851930                   /usr/lib/x86_64-linux-gnu/libm.so.6
7cde795a3000-7cde795fe000 r--p 0008a000 103:02 4851930                   /usr/lib/x86_64-linux-gnu/libm.so.6
7cde795fe000-7cde795ff000 r--p 000e4000 103:02 4851930                   /usr/lib/x86_64-linux-gnu/libm.so.6
7cde795ff000-7cde79600000 rw-p 000e5000 103:02 4851930                   /usr/lib/x86_64-linux-gnu/libm.so.6
7cde79600000-7cde79851000 r--p 00000000 103:02 5145729                   /usr/lib/jvm/java-17-openjdk-amd64/lib/server/libjvm.so
7cde79851000-7cde7a5c5000 r-xp 00251000 103:02 5145729                   /usr/lib/jvm/java-17-openjdk-amd64/lib/server/libjvm.so
7cde7a5c5000-7cde7a848000 r--p 00fc5000 103:02 5145729                   /usr/lib/jvm/java-17-openjdk-amd64/lib/server/libjvm.so
7cde7a848000-7cde7a849000 ---p 01248000 103:02 5145729                   /usr/lib/jvm/java-17-openjdk-amd64/lib/server/libjvm.so
7cde7a849000-7cde7a901000 r--p 01248000 103:02 5145729                   /usr/lib/jvm/java-17-openjdk-amd64/lib/server/libjvm.so
7cde7a901000-7cde7a936000 rw-p 01300000 103:02 5145729                   /usr/lib/jvm/java-17-openjdk-amd64/lib/server/libjvm.so
7cde7a936000-7cde7a990000 rw-p 00000000 00:00 0 
7cde7a9bf000-7cde7aa00000 rw-p 00000000 00:00 0 
7cde7aa00000-7cde7aa28000 r--p 00000000 103:02 4851901                   /usr/lib/x86_64-linux-gnu/libc.so.6
7cde7aa28000-7cde7abbd000 r-xp 00028000 103:02 4851901                   /usr/lib/x86_64-linux-gnu/libc.so.6
7cde7abbd000-7cde7ac15000 r--p 001bd000 103:02 4851901                   /usr/lib/x86_64-linux-gnu/libc.so.6
7cde7ac15000-7cde7ac16000 ---p 00215000 103:02 4851901                   /usr/lib/x86_64-linux-gnu/libc.so.6
7cde7ac16000-7cde7ac1a000 r--p 00215000 103:02 4851901                   /usr/lib/x86_64-linux-gnu/libc.so.6
7cde7ac1a000-7cde7ac1c000 rw-p 00219000 103:02 4851901                   /usr/lib/x86_64-linux-gnu/libc.so.6
7cde7ac1c000-7cde7ac29000 rw-p 00000000 00:00 0 
7cde7ac61000-7cde7ac66000 rw-p 00000000 00:00 0 
7cde7ac66000-7cde7ac6d000 ---p 00000000 00:00 0 
7cde7ac6d000-7cde7ac79000 r--p 00000000 103:02 5145703                   /usr/lib/jvm/java-17-openjdk-amd64/lib/libjava.so
7cde7ac79000-7cde7ac8c000 r-xp 0000c000 103:02 5145703                   /usr/lib/jvm/java-17-openjdk-amd64/lib/libjava.so
7cde7ac8c000-7cde7ac92000 r--p 0001f000 103:02 5145703                   /usr/lib/jvm/java-17-openjdk-amd64/lib/libjava.so
7cde7ac92000-7cde7ac93000 r--p 00024000 103:02 5145703                   /usr/lib/jvm/java-17-openjdk-amd64/lib/libjava.so
7cde7ac93000-7cde7ac94000 rw-p 00025000 103:02 5145703                   /usr/lib/jvm/java-17-openjdk-amd64/lib/libjava.so
7cde7ac94000-7cde7ac95000 rw-p 00000000 00:00 0 
7cde7ac95000-7cde7ac98000 r--p 00000000 103:02 4855023                   /usr/lib/x86_64-linux-gnu/libgcc_s.so.1
7cde7ac98000-7cde7acaf000 r-xp 00003000 103:02 4855023                   /usr/lib/x86_64-linux-gnu/libgcc_s.so.1
7cde7acaf000-7cde7acb3000 r--p 0001a000 103:02 4855023                   /usr/lib/x86_64-linux-gnu/libgcc_s.so.1
7cde7acb3000-7cde7acb4000 r--p 0001d000 103:02 4855023                   /usr/lib/x86_64-linux-gnu/libgcc_s.so.1
7cde7acb4000-7cde7acb5000 rw-p 0001e000 103:02 4855023                   /usr/lib/x86_64-linux-gnu/libgcc_s.so.1
7cde7acb5000-7cde7acb8000 rw-p 00000000 00:00 0 
7cde7acb8000-7cde7acba000 r--p 00000000 103:02 5145707                   /usr/lib/jvm/java-17-openjdk-amd64/lib/libjli.so
7cde7acba000-7cde7acc4000 r-xp 00002000 103:02 5145707                   /usr/lib/jvm/java-17-openjdk-amd64/lib/libjli.so
7cde7acc4000-7cde7acc7000 r--p 0000c000 103:02 5145707                   /usr/lib/jvm/java-17-openjdk-amd64/lib/libjli.so
7cde7acc7000-7cde7acc8000 r--p 0000e000 103:02 5145707                   /usr/lib/jvm/java-17-openjdk-amd64/lib/libjli.so
7cde7acc8000-7cde7acc9000 rw-p 0000f000 103:02 5145707                   /usr/lib/jvm/java-17-openjdk-amd64/lib/libjli.so
7cde7acc9000-7cde7accb000 r--p 00000000 103:02 4878934                   /usr/lib/x86_64-linux-gnu/libz.so.1.2.11
7cde7accb000-7cde7acdc000 r-xp 00002000 103:02 4878934                   /usr/lib/x86_64-linux-gnu/libz.so.1.2.11
7cde7acdc000-7cde7ace2000 r--p 00013000 103:02 4878934                   /usr/lib/x86_64-linux-gnu/libz.so.1.2.11
7cde7ace2000-7cde7ace3000 ---p 00019000 103:02 4878934                   /usr/lib/x86_64-linux-gnu/libz.so.1.2.11
7cde7ace3000-7cde7ace4000 r--p 00019000 103:02 4878934                   /usr/lib/x86_64-linux-gnu/libz.so.1.2.11
7cde7ace4000-7cde7ace5000 rw-p 0001a000 103:02 4878934                   /usr/lib/x86_64-linux-gnu/libz.so.1.2.11
7cde7ace6000-7cde7acee000 rw-s 00000000 103:02 13783755                  /tmp/hsperfdata_sunil/30584
7cde7acee000-7cde7acef000 ---p 00000000 00:00 0 
7cde7acef000-7cde7acf0000 r--p 00000000 00:00 0 
7cde7acf0000-7cde7acf2000 r--p 00000000 103:02 5145706                   /usr/lib/jvm/java-17-openjdk-amd64/lib/libjimage.so
7cde7acf2000-7cde7acf5000 r-xp 00002000 103:02 5145706                   /usr/lib/jvm/java-17-openjdk-amd64/lib/libjimage.so
7cde7acf5000-7cde7acf6000 r--p 00005000 103:02 5145706                   /usr/lib/jvm/java-17-openjdk-amd64/lib/libjimage.so
7cde7acf6000-7cde7acf7000 ---p 00006000 103:02 5145706                   /usr/lib/jvm/java-17-openjdk-amd64/lib/libjimage.so
7cde7acf7000-7cde7acf8000 r--p 00006000 103:02 5145706                   /usr/lib/jvm/java-17-openjdk-amd64/lib/libjimage.so
7cde7acf8000-7cde7acf9000 rw-p 00007000 103:02 5145706                   /usr/lib/jvm/java-17-openjdk-amd64/lib/libjimage.so
7cde7acf9000-7cde7acfb000 rw-p 00000000 00:00 0 
7cde7acfb000-7cde7acfd000 r--p 00000000 103:02 4851817                   /usr/lib/x86_64-linux-gnu/ld-linux-x86-64.so.2
7cde7acfd000-7cde7ad27000 r-xp 00002000 103:02 4851817                   /usr/lib/x86_64-linux-gnu/ld-linux-x86-64.so.2
7cde7ad27000-7cde7ad32000 r--p 0002c000 103:02 4851817                   /usr/lib/x86_64-linux-gnu/ld-linux-x86-64.so.2
7cde7ad32000-7cde7ad33000 ---p 00000000 00:00 0 
7cde7ad33000-7cde7ad35000 r--p 00037000 103:02 4851817                   /usr/lib/x86_64-linux-gnu/ld-linux-x86-64.so.2
7cde7ad35000-7cde7ad37000 rw-p 00039000 103:02 4851817                   /usr/lib/x86_64-linux-gnu/ld-linux-x86-64.so.2
7ffe797a3000-7ffe797c4000 rw-p 00000000 00:00 0                          [stack]
7ffe797de000-7ffe797e2000 r--p 00000000 00:00 0                          [vvar]
7ffe797e2000-7ffe797e4000 r-xp 00000000 00:00 0                          [vdso]
ffffffffff600000-ffffffffff601000 --xp 00000000 00:00 0                  [vsyscall]


VM Arguments:
java_command: <unknown>
java_class_path (initial): <not set>
Launcher Type: SUN_STANDARD

[Global flags]
     intx CICompilerCount                          = 4                                         {product} {ergonomic}
     uint ConcGCThreads                            = 3                                         {product} {ergonomic}
     uint G1ConcRefinementThreads                  = 10                                        {product} {ergonomic}
   size_t G1HeapRegionSize                         = 2097152                                   {product} {ergonomic}
    uintx GCDrainStackTargetSize                   = 64                                        {product} {ergonomic}
   size_t InitialHeapSize                          = 251658240                                 {product} {ergonomic}
   size_t MarkStackSize                            = 4194304                                   {product} {ergonomic}
   size_t MaxHeapSize                              = 4013948928                                {product} {ergonomic}
   size_t MaxNewSize                               = 2407530496                                {product} {ergonomic}
   size_t MinHeapDeltaBytes                        = 2097152                                   {product} {ergonomic}
   size_t MinHeapSize                              = 8388608                                   {product} {ergonomic}
    uintx NonNMethodCodeHeapSize                   = 5839372                                {pd product} {ergonomic}
    uintx NonProfiledCodeHeapSize                  = 122909434                              {pd product} {ergonomic}
    uintx ProfiledCodeHeapSize                     = 122909434                              {pd product} {ergonomic}
    uintx ReservedCodeCacheSize                    = 251658240                              {pd product} {ergonomic}
     bool SegmentedCodeCache                       = true                                      {product} {ergonomic}
   size_t SoftMaxHeapSize                          = 4013948928                             {manageable} {ergonomic}
     bool UseCompressedClassPointers               = true                           {product lp64_product} {ergonomic}
     bool UseCompressedOops                        = true                           {product lp64_product} {ergonomic}
     bool UseG1GC                                  = true                                      {product} {ergonomic}

Logging:
Log output configuration:
 #0: stdout all=warning uptime,level,tags
 #1: stderr all=off uptime,level,tags

Environment Variables:
PATH=/home/sunil/.local/share/pnpm:/home/sunil/.nvm/versions/node/v20.20.2/bin:/home/sunil/.local/bin:/usr/local/sbin:/usr/local/bin:/usr/sbin:/usr/bin:/sbin:/bin:/usr/games:/usr/local/games:/snap/bin:/snap/bin:/usr/local/bin:/opt/platform-tools:/home/sunil/Android/Sdk/emulator:/home/sunil/Android/Sdk/platform-tools
USERNAME=sunil
SHELL=/bin/bash
DISPLAY=:1
LANG=en_IN
TERM=xterm-256color

Active Locale:
LC_ALL=C
LC_COLLATE=C
LC_CTYPE=C
LC_MESSAGES=C
LC_MONETARY=C
LC_NUMERIC=C
LC_TIME=C

Signal Handlers:
   SIGSEGV: crash_handler in libjvm.so, mask=11100100010111111101111111111110, flags=SA_RESTART|SA_SIGINFO, unblocked
    SIGBUS: crash_handler in libjvm.so, mask=11100100010111111101111111111110, flags=SA_RESTART|SA_SIGINFO, unblocked
    SIGFPE: crash_handler in libjvm.so, mask=11100100010111111101111111111110, flags=SA_RESTART|SA_SIGINFO, unblocked
   SIGPIPE: javaSignalHandler in libjvm.so, mask=11100100010111111101111111111110, flags=SA_RESTART|SA_SIGINFO, blocked
   SIGXFSZ: javaSignalHandler in libjvm.so, mask=11100100010111111101111111111110, flags=SA_RESTART|SA_SIGINFO, blocked
    SIGILL: crash_handler in libjvm.so, mask=11100100010111111101111111111110, flags=SA_RESTART|SA_SIGINFO, unblocked
   SIGUSR2: SR_handler in libjvm.so, mask=00000000000000000000000000000000, flags=SA_RESTART|SA_SIGINFO, blocked
    SIGHUP: SIG_DFL, mask=00000000000000000000000000000000, flags=none, blocked
    SIGINT: SIG_DFL, mask=00000000000000000000000000000000, flags=none, blocked
   SIGTERM: SIG_DFL, mask=00000000000000000000000000000000, flags=none, blocked
   SIGQUIT: UserHandler in libjvm.so, mask=11100100010111111101111111111110, flags=SA_RESTART|SA_SIGINFO, blocked
   SIGTRAP: crash_handler in libjvm.so, mask=11100100010111111101111111111110, flags=SA_RESTART|SA_SIGINFO, unblocked


Periodic native trim disabled


---------------  S Y S T E M  ---------------

OS:
DISTRIB_ID=Ubuntu
DISTRIB_RELEASE=22.04
DISTRIB_CODENAME=jammy
DISTRIB_DESCRIPTION="Ubuntu 22.04.5 LTS"
uname: Linux 6.8.0-111-generic #111~22.04.1-Ubuntu SMP PREEMPT_DYNAMIC Tue Apr 14 17:13:45 UTC  x86_64
OS uptime: 0 days 13:22 hours
libc: glibc 2.35 NPTL 2.35 
rlimit (soft/hard): STACK 8192k/infinity , CORE 0k/infinity , NPROC 60893/60893 , NOFILE 1048576/1048576 , AS infinity/infinity , CPU infinity/infinity , DATA infinity/infinity , FSIZE infinity/infinity , MEMLOCK 1959408k/1959408k
load average: 2.61 5.77 4.79

/proc/meminfo:
MemTotal:       15675264 kB
MemFree:         2966784 kB
MemAvailable:    9599992 kB
Buffers:          173856 kB
Cached:          6406052 kB
SwapCached:        32232 kB
Active:          3008088 kB
Inactive:        8166296 kB
Active(anon):    2058748 kB
Inactive(anon):  2683888 kB
Active(file):     949340 kB
Inactive(file):  5482408 kB
Unevictable:          48 kB
Mlocked:              48 kB
SwapTotal:       2097148 kB
SwapFree:        1754876 kB
Zswap:                 0 kB
Zswapped:              0 kB
Dirty:                76 kB
Writeback:             0 kB
AnonPages:       4577256 kB
Mapped:          1028048 kB
Shmem:            148160 kB
KReclaimable:     541140 kB
Slab:             849204 kB
SReclaimable:     541140 kB
SUnreclaim:       308064 kB
KernelStack:       22068 kB
PageTables:        69600 kB
SecPageTables:         0 kB
NFS_Unstable:          0 kB
Bounce:                0 kB
WritebackTmp:          0 kB
CommitLimit:     9934780 kB
Committed_AS:   29483936 kB
VmallocTotal:   34359738367 kB
VmallocUsed:       78684 kB
VmallocChunk:          0 kB
Percpu:            19840 kB
HardwareCorrupted:     0 kB
AnonHugePages:         0 kB
ShmemHugePages:        0 kB
ShmemPmdMapped:        0 kB
FileHugePages:         0 kB
FilePmdMapped:         0 kB
Unaccepted:            0 kB
HugePages_Total:       0
HugePages_Free:        0
HugePages_Rsvd:        0
HugePages_Surp:        0
Hugepagesize:       2048 kB
Hugetlb:               0 kB
DirectMap4k:      995732 kB
DirectMap2M:    15075328 kB
DirectMap1G:     1048576 kB

/sys/kernel/mm/transparent_hugepage/enabled: always [madvise] never
/sys/kernel/mm/transparent_hugepage/hpage_pmd_size: 2097152
/sys/kernel/mm/transparent_hugepage/defrag (defrag/compaction efforts parameter): always defer defer+madvise [madvise] never

Process Memory:
Virtual Size: 5988744K (peak: 5988744K)
Resident Set Size: 35452K (peak: 35452K) (anon: 19616K, file: 15836K, shmem: 0K)
Swapped out: 0K
C-Heap outstanding allocations: 27384K, retained: 779K
glibc malloc tunables: (default)

/proc/sys/kernel/threads-max (system-wide limit on the number of threads): 121786
/proc/sys/vm/max_map_count (maximum number of memory map areas a process may have): 65530
/proc/sys/vm/swappiness (control to define how aggressively the kernel swaps out anonymous memory): 60
/proc/sys/kernel/pid_max (system-wide limit on number of process identifiers): 4194304

container (cgroup) information:
container_type: cgroupv2
cpu_cpuset_cpus: not supported
cpu_memory_nodes: not supported
active_processor_count: 12
cpu_quota: not supported
cpu_period: not supported
cpu_shares: not supported
memory_limit_in_bytes: unlimited
memory_and_swap_limit_in_bytes: unlimited
memory_soft_limit_in_bytes: 0
memory_usage_in_bytes: 924536 k
memory_max_usage_in_bytes: not supported
rss_usage_in_bytes: 23960 k
cache_usage_in_bytes: 841732 k
memory_swap_current_in_bytes: 0
memory_swap_max_limit_in_bytes: unlimited
maximum number of tasks: 18267
current number of tasks: 8

Steal ticks since vm start: 0
Steal ticks percentage since vm start:  0.000

CPU: total 12 (initial active 12) (12 cores per cpu, 2 threads per core) family 23 model 104 stepping 1 microcode 0x8608104, cx8, cmov, fxsr, ht, mmx, 3dnowpref, sse, sse2, sse3, ssse3, sse4a, sse4.1, sse4.2, popcnt, lzcnt, tsc, tscinvbit, avx, avx2, aes, clmul, bmi1, bmi2, adx, sha, fma, vzeroupper, clflush, clflushopt
CPU Model and flags from /proc/cpuinfo:
model name	: AMD Ryzen 5 5500U with Radeon Graphics
flags		: fpu vme de pse tsc msr pae mce cx8 apic sep mtrr pge mca cmov pat pse36 clflush mmx fxsr sse sse2 ht syscall nx mmxext fxsr_opt pdpe1gb rdtscp lm constant_tsc rep_good nopl nonstop_tsc cpuid extd_apicid aperfmperf rapl pni pclmulqdq monitor ssse3 fma cx16 sse4_1 sse4_2 movbe popcnt aes xsave avx f16c rdrand lahf_lm cmp_legacy svm extapic cr8_legacy abm sse4a misalignsse 3dnowprefetch osvw ibs skinit wdt tce topoext perfctr_core perfctr_nb bpext perfctr_llc mwaitx cpb cat_l3 cdp_l3 hw_pstate ssbd mba ibrs ibpb stibp vmmcall fsgsbase bmi1 avx2 smep bmi2 cqm rdt_a rdseed adx smap clflushopt clwb sha_ni xsaveopt xsavec xgetbv1 cqm_llc cqm_occup_llc cqm_mbm_total cqm_mbm_local clzero irperf xsaveerptr rdpru wbnoinvd cppc arat npt lbrv svm_lock nrip_save tsc_scale vmcb_clean flushbyasid decodeassists pausefilter pfthreshold avic v_vmsave_vmload vgif v_spec_ctrl umip rdpid overflow_recov succor smca ibpb_exit_to_user

Online cpus: 0-11
Offline cpus: 12-15
BIOS frequency limitation: <Not Available>
Frequency switch latency (ns): 0
Available cpu frequencies: <Not Available>
Current governor: powersave
Core performance/turbo boost: <Not Available>

Memory: 4k page, physical 15675264k(2966784k free), swap 2097148k(1754876k free)
Page Sizes: 4k

vm_info: OpenJDK 64-Bit Server VM (17.0.18+8-Ubuntu-122.04.1) for linux-amd64 JRE (17.0.18+8-Ubuntu-122.04.1), built on Jan 29 2026 04:03:43 by "buildd" with gcc 11.4.0

END.
