#
# A fatal error has been detected by the Java Runtime Environment:
#
#  SIGSEGV (0xb) at pc=0x000077838f000800, pid=30375, tid=30376
#
# JRE version:  (17.0.18+8) (build )
# Java VM: OpenJDK 64-Bit Server VM (17.0.18+8-Ubuntu-122.04.1, mixed mode, sharing, tiered, compressed oops, compressed class ptrs, g1 gc, linux-amd64)
# Problematic frame:
# C  0x000077838f000800
#
# Core dump will be written. Default location: Core dumps may be processed with "/usr/share/apport/apport -p%p -s%s -c%c -d%d -P%P -u%u -g%g -F%F -- %E" (or dumping to /home/sunil/React Native/day 03/rolex_03/core.30375)
#
#

---------------  S U M M A R Y ------------

Command Line: 

Host: AMD Ryzen 5 5500U with Radeon Graphics, 12 cores, 14G, Ubuntu 22.04.5 LTS
Time: Mon May 18 21:50:08 2026 IST elapsed time: 0.018080 seconds (0d 0h 0m 0s)

---------------  T H R E A D  ---------------

Current thread (0x000077840c018010):  JavaThread "Unknown thread" [_thread_in_vm, id=30376, stack(0x0000778412f00000,0x0000778413000000)]

Stack: [0x0000778412f00000,0x0000778413000000],  sp=0x0000778412ffe5e8,  free space=1017k
Native frames: (J=compiled Java code, j=interpreted, Vv=VM code, C=native code)
C  0x000077838f000800
V  [libjvm.so+0x59d561]  ClassLoadingService::notify_class_loaded(InstanceKlass*, bool)+0x51
V  [libjvm.so+0xe751d7]  SystemDictionary::load_shared_class(InstanceKlass*, Handle, Handle, ClassFileStream const*, PackageEntry*, JavaThread*)+0x227
V  [libjvm.so+0xe7584e]  SystemDictionary::load_instance_class_impl(Symbol*, Handle, JavaThread*)+0x50e
V  [libjvm.so+0xe73c3c]  SystemDictionary::load_instance_class(unsigned int, Symbol*, Handle, JavaThread*)+0x2c
V  [libjvm.so+0xe74490]  SystemDictionary::resolve_instance_class_or_null(Symbol*, Handle, Handle, JavaThread*)+0x730
V  [libjvm.so+0x7f66c0]  HeapShared::resolve_or_init_classes_for_subgraph_of(Klass*, bool, JavaThread*)+0x180
V  [libjvm.so+0x7f6be9]  HeapShared::resolve_classes(JavaThread*)+0x179
V  [libjvm.so+0xeebb75]  Universe::genesis(JavaThread*)+0x285
V  [libjvm.so+0xeed2c8]  universe2_init()+0x28
V  [libjvm.so+0x80fc48]  init_globals()+0x78
V  [libjvm.so+0xec3ccf]  Threads::create_vm(JavaVMInitArgs*, bool*)+0x36f
V  [libjvm.so+0x8d2f13]  JNI_CreateJavaVM+0x53
C  [libjli.so+0x3d43]  JavaMain+0x93
C  [libjli.so+0x7fdd]  ThreadJavaMain+0xd


siginfo: si_signo: 11 (SIGSEGV), si_code: 2 (SEGV_ACCERR), si_addr: 0x000077838f000800
Error accessing class data sharing archive. Mapped file inaccessible during execution, possible disk/network problem.
Registers:
RAX=0x000077838f000800, RBX=0x0000000000000082, RCX=0x0000000000000001, RDX=0x0000778413986560
RSP=0x0000778412ffe5e8, RBP=0x0000778412ffe610, RSI=0x0000000000000001, RDI=0x000077838f9bb628
R8 =0x0000000000000002, R9 =0x0000000000000000, R10=0x00007784137ded20, R11=0x000077838f4558f8
R12=0x000077838f146350, R13=0x000000000000000c, R14=0x000077840c15f4f0, R15=0x0000778412ffe660
RIP=0x000077838f000800, EFLAGS=0x0000000000010287, CSGSFS=0x002b000000000033, ERR=0x0000000000000015
  TRAPNO=0x000000000000000e

XMM[0]=0x000077840c018620 0x000077840c018610
XMM[1]=0x000077840c018620 0x000077840c018610
XMM[2]=0x000077840c15f4f0 0x000077838f0708e8
XMM[3]=0x0000000000000000 0x0000778412ffe189
XMM[4]=0x0000021e0000021d 0x0000021c0000021b
XMM[5]=0x0000022400000223 0x0000022200000221
XMM[6]=0x0000021c0000021b 0x0000021a00000219
XMM[7]=0x0000021400000213 0x0000021200000211
XMM[8]=0x0000020c0000020b 0x0000020a00000209
XMM[9]=0x0000000000000000 0x0000000000000000
XMM[10]=0x0000000000000000 0x0000000000000000
XMM[11]=0x00007784143d3b40 0x00007784143d3960
XMM[12]=0x00007784143d39c0 0x00007784143d3cac
XMM[13]=0x00007784143d3a40 0x00007784143d3cac
XMM[14]=0x00007784143d3ac0 0x00007784143d3cac
XMM[15]=0xcafebabecafebabe 0xcafebabecafebabe
  MXCSR=0x00001fa0


Top of Stack: (sp=0x0000778412ffe5e8)
0x0000778412ffe5e8:   000077841399d422 000077838f9bbef0
0x0000778412ffe5f8:   000077840c0275e0 000077840c018010
0x0000778412ffe608:   0000000000000000 0000778412ffe630
0x0000778412ffe618:   000077841399d561 000077840c15f4f0
0x0000778412ffe628:   000077838f146350 0000778412ffe6f0
0x0000778412ffe638:   00007784142751d7 000077841476406c
0x0000778412ffe648:   0000778412ffe680 000077840c15f4f0
0x0000778412ffe658:   0000000000000000 000077840c018010
0x0000778412ffe668:   0000000000000000 000077838fb859ac
0x0000778412ffe678:   0000778412ffe760 000077840c018010
0x0000778412ffe688:   000077840c018a00 000077840c01e950
0x0000778412ffe698:   000077840c01f000 000077840c026938
0x0000778412ffe6a8:   00000000000080b0 0000778412ffe8e0
0x0000778412ffe6b8:   000077840c018010 0000000000000000
0x0000778412ffe6c8:   000077840c018010 0000000000000000
0x0000778412ffe6d8:   000077838f4a66f8 000077840c0185d0
0x0000778412ffe6e8:   0000778412ffe760 0000778412ffe7e0
0x0000778412ffe6f8:   000077841427584e 000077840c170960
0x0000778412ffe708:   000077838f146350 0000778400000000
0x0000778412ffe718:   000077838f473700 00000000000003d8
0x0000778412ffe728:   000077840c0189f8 000077840c018610
0x0000778412ffe738:   000077840c018620 000077840c018610
0x0000778412ffe748:   000077840c018620 0000778412ffe738
0x0000778412ffe758:   000077838f000000 0000000000000000
0x0000778412ffe768:   0000000001032184 000077840c15f501
0x0000778412ffe778:   000077840c0281a0 000077840c15f4f0
0x0000778412ffe788:   0000000000000000 0000000000000000
0x0000778412ffe798:   c7f0224345d42000 000077840c014820
0x0000778412ffe7a8:   ffffffffffffff80 0000000000000016
0x0000778412ffe7b8:   0000000000000000 000077838f4a66f8
0x0000778412ffe7c8:   0000000060fa41aa 000077840c018010
0x0000778412ffe7d8:   0000000000000000 0000778412ffe820 

Instructions: (pc=0x000077838f000800)
0x000077838f000700:   b0 85 01 14 84 77 00 00 f0 ec 7d 13 84 77 00 00
0x000077838f000710:   d0 cd fb 13 84 77 00 00 50 a7 01 14 84 77 00 00
0x000077838f000720:   d0 e1 7d 13 84 77 00 00 c0 b1 01 14 84 77 00 00
0x000077838f000730:   50 85 01 14 84 77 00 00 70 85 01 14 84 77 00 00
0x000077838f000740:   b0 9b e7 13 84 77 00 00 40 ac 01 14 84 77 00 00
0x000077838f000750:   10 ed 7d 13 84 77 00 00 f0 84 01 14 84 77 00 00
0x000077838f000760:   f0 e1 7d 13 84 77 00 00 10 e2 7d 13 84 77 00 00
0x000077838f000770:   10 9a 01 14 84 77 00 00 e0 95 01 14 84 77 00 00
0x000077838f000780:   b0 87 01 14 84 77 00 00 90 86 01 14 84 77 00 00
0x000077838f000790:   50 05 a1 13 84 77 00 00 20 ea 7d 13 84 77 00 00
0x000077838f0007a0:   30 eb 7d 13 84 77 00 00 90 84 01 14 84 77 00 00
0x000077838f0007b0:   60 92 e7 13 84 77 00 00 50 e2 7d 13 84 77 00 00
0x000077838f0007c0:   b0 91 e7 13 84 77 00 00 10 85 01 14 84 77 00 00
0x000077838f0007d0:   b0 e2 7d 13 84 77 00 00 f0 85 01 14 84 77 00 00
0x000077838f0007e0:   50 ec 7d 13 84 77 00 00 a0 b2 01 14 84 77 00 00
0x000077838f0007f0:   c0 b3 01 14 84 77 00 00 e0 a4 01 14 84 77 00 00
0x000077838f000800:   2b 00 00 00 00 00 00 00 a0 ec 7d 13 84 77 00 00
0x000077838f000810:   00 ed 7d 13 84 77 00 00 b0 ec 7d 13 84 77 00 00
0x000077838f000820:   c0 ec 7d 13 84 77 00 00 d0 ec 7d 13 84 77 00 00
0x000077838f000830:   e0 ec 7d 13 84 77 00 00 80 06 a1 13 84 77 00 00
0x000077838f000840:   70 ef 7c 13 84 77 00 00 80 3b 2e 14 84 77 00 00
0x000077838f000850:   c0 e8 7d 13 84 77 00 00 d0 3a 2e 14 84 77 00 00
0x000077838f000860:   00 3b 2e 14 84 77 00 00 f0 ec 7d 13 84 77 00 00
0x000077838f000870:   d0 cd fb 13 84 77 00 00 30 e2 7d 13 84 77 00 00
0x000077838f000880:   d0 e1 7d 13 84 77 00 00 40 91 e7 13 84 77 00 00
0x000077838f000890:   e0 3a 2e 14 84 77 00 00 f0 3a 2e 14 84 77 00 00
0x000077838f0008a0:   b0 9b e7 13 84 77 00 00 c0 45 2e 14 84 77 00 00
0x000077838f0008b0:   10 ed 7d 13 84 77 00 00 d0 3a 2e 14 84 77 00 00
0x000077838f0008c0:   f0 e1 7d 13 84 77 00 00 10 e2 7d 13 84 77 00 00
0x000077838f0008d0:   10 3f 2e 14 84 77 00 00 e0 3c 2e 14 84 77 00 00
0x000077838f0008e0:   40 3a 2e 14 84 77 00 00 90 3b 2e 14 84 77 00 00
0x000077838f0008f0:   00 05 a1 13 84 77 00 00 20 ea 7d 13 84 77 00 00 



---------------  P R O C E S S  ---------------

Threads class SMR info:
_java_thread_list=0x00007784147864e0, length=0, elements={
}

Java Threads: ( => current thread )

Other Threads:
  0x000077840c080cf0 GCTaskThread "GC Thread#0" [stack: 0x0000778410c21000,0x0000778410d21000] [id=30377]
  0x000077840c091250 ConcurrentGCThread "G1 Main Marker" [stack: 0x0000778410b20000,0x0000778410c20000] [id=30378]
  0x000077840c0921c0 ConcurrentGCThread "G1 Conc#0" [stack: 0x0000778410a1f000,0x0000778410b1f000] [id=30379]
  0x000077840c149a30 ConcurrentGCThread "G1 Refine#0" [stack: 0x000077840bf00000,0x000077840c000000] [id=30380]
  0x000077840c14a930 ConcurrentGCThread "G1 Service" [stack: 0x00007783edb60000,0x00007783edc60000] [id=30381]

=>0x000077840c018010 (exited) JavaThread "Unknown thread" [_thread_in_vm, id=30376, stack(0x0000778412f00000,0x0000778413000000)]

Threads with active compile tasks:

VM state: not at safepoint (not fully initialized)

VM Mutex/Monitor currently owned by a thread: None

Heap address: 0x0000000710c00000, size: 3828 MB, Compressed Oops mode: Zero based, Oop shift amount: 3

CDS archive(s) mapped at: [0x000077838f000000-0x000077838fbca000-0x000077838fbca000), size 12361728, SharedBaseAddress: 0x000077838f000000, ArchiveRelocationMode: 1.
Compressed class space mapped at: 0x0000778390000000-0x00007783d0000000, reserved size: 1073741824
Narrow klass base: 0x000077838f000000, Narrow klass shift: 0, Narrow klass range: 0x100000000

GC Precious Log:
 CPUs: 12 total, 12 available
 Memory: 15307M
 Large Page Support: Disabled
 NUMA Support: Disabled
 Compressed Oops: Enabled (Zero based)
 Heap Region Size: 2M
 Heap Min Capacity: 8M
 Heap Initial Capacity: 240M
 Heap Max Capacity: 3828M
 Pre-touch: Disabled
 Parallel Workers: 10
 Concurrent Workers: 3
 Concurrent Refinement Workers: 10
 Periodic GC: Disabled

Heap:
 garbage-first heap   total 249856K, used 1972K [0x0000000710c00000, 0x0000000800000000)
  region size 2048K, 1 young (2048K), 0 survivors (0K)
 Metaspace       used 0K, committed 0K, reserved 1048576K
  class space    used 0K, committed 0K, reserved 1048576K

Heap Regions: E=young(eden), S=young(survivor), O=old, HS=humongous(starts), HC=humongous(continues), CS=collection set, F=free, OA=open archive, CA=closed archive, TAMS=top-at-mark-start (previous, next)
|   0|0x0000000710c00000, 0x0000000710c00000, 0x0000000710e00000|  0%| F|  |TAMS 0x0000000710c00000, 0x0000000710c00000| Untracked 
|   1|0x0000000710e00000, 0x0000000710e00000, 0x0000000711000000|  0%| F|  |TAMS 0x0000000710e00000, 0x0000000710e00000| Untracked 
|   2|0x0000000711000000, 0x0000000711000000, 0x0000000711200000|  0%| F|  |TAMS 0x0000000711000000, 0x0000000711000000| Untracked 
|   3|0x0000000711200000, 0x0000000711200000, 0x0000000711400000|  0%| F|  |TAMS 0x0000000711200000, 0x0000000711200000| Untracked 
|   4|0x0000000711400000, 0x0000000711400000, 0x0000000711600000|  0%| F|  |TAMS 0x0000000711400000, 0x0000000711400000| Untracked 
|   5|0x0000000711600000, 0x0000000711600000, 0x0000000711800000|  0%| F|  |TAMS 0x0000000711600000, 0x0000000711600000| Untracked 
|   6|0x0000000711800000, 0x0000000711800000, 0x0000000711a00000|  0%| F|  |TAMS 0x0000000711800000, 0x0000000711800000| Untracked 
|   7|0x0000000711a00000, 0x0000000711a00000, 0x0000000711c00000|  0%| F|  |TAMS 0x0000000711a00000, 0x0000000711a00000| Untracked 
|   8|0x0000000711c00000, 0x0000000711c00000, 0x0000000711e00000|  0%| F|  |TAMS 0x0000000711c00000, 0x0000000711c00000| Untracked 
|   9|0x0000000711e00000, 0x0000000711e00000, 0x0000000712000000|  0%| F|  |TAMS 0x0000000711e00000, 0x0000000711e00000| Untracked 
|  10|0x0000000712000000, 0x0000000712000000, 0x0000000712200000|  0%| F|  |TAMS 0x0000000712000000, 0x0000000712000000| Untracked 
|  11|0x0000000712200000, 0x0000000712200000, 0x0000000712400000|  0%| F|  |TAMS 0x0000000712200000, 0x0000000712200000| Untracked 
|  12|0x0000000712400000, 0x0000000712400000, 0x0000000712600000|  0%| F|  |TAMS 0x0000000712400000, 0x0000000712400000| Untracked 
|  13|0x0000000712600000, 0x0000000712600000, 0x0000000712800000|  0%| F|  |TAMS 0x0000000712600000, 0x0000000712600000| Untracked 
|  14|0x0000000712800000, 0x0000000712800000, 0x0000000712a00000|  0%| F|  |TAMS 0x0000000712800000, 0x0000000712800000| Untracked 
|  15|0x0000000712a00000, 0x0000000712a00000, 0x0000000712c00000|  0%| F|  |TAMS 0x0000000712a00000, 0x0000000712a00000| Untracked 
|  16|0x0000000712c00000, 0x0000000712c00000, 0x0000000712e00000|  0%| F|  |TAMS 0x0000000712c00000, 0x0000000712c00000| Untracked 
|  17|0x0000000712e00000, 0x0000000712e00000, 0x0000000713000000|  0%| F|  |TAMS 0x0000000712e00000, 0x0000000712e00000| Untracked 
|  18|0x0000000713000000, 0x0000000713000000, 0x0000000713200000|  0%| F|  |TAMS 0x0000000713000000, 0x0000000713000000| Untracked 
|  19|0x0000000713200000, 0x0000000713200000, 0x0000000713400000|  0%| F|  |TAMS 0x0000000713200000, 0x0000000713200000| Untracked 
|  20|0x0000000713400000, 0x0000000713400000, 0x0000000713600000|  0%| F|  |TAMS 0x0000000713400000, 0x0000000713400000| Untracked 
|  21|0x0000000713600000, 0x0000000713600000, 0x0000000713800000|  0%| F|  |TAMS 0x0000000713600000, 0x0000000713600000| Untracked 
|  22|0x0000000713800000, 0x0000000713800000, 0x0000000713a00000|  0%| F|  |TAMS 0x0000000713800000, 0x0000000713800000| Untracked 
|  23|0x0000000713a00000, 0x0000000713a00000, 0x0000000713c00000|  0%| F|  |TAMS 0x0000000713a00000, 0x0000000713a00000| Untracked 
|  24|0x0000000713c00000, 0x0000000713c00000, 0x0000000713e00000|  0%| F|  |TAMS 0x0000000713c00000, 0x0000000713c00000| Untracked 
|  25|0x0000000713e00000, 0x0000000713e00000, 0x0000000714000000|  0%| F|  |TAMS 0x0000000713e00000, 0x0000000713e00000| Untracked 
|  26|0x0000000714000000, 0x0000000714000000, 0x0000000714200000|  0%| F|  |TAMS 0x0000000714000000, 0x0000000714000000| Untracked 
|  27|0x0000000714200000, 0x0000000714200000, 0x0000000714400000|  0%| F|  |TAMS 0x0000000714200000, 0x0000000714200000| Untracked 
|  28|0x0000000714400000, 0x0000000714400000, 0x0000000714600000|  0%| F|  |TAMS 0x0000000714400000, 0x0000000714400000| Untracked 
|  29|0x0000000714600000, 0x0000000714600000, 0x0000000714800000|  0%| F|  |TAMS 0x0000000714600000, 0x0000000714600000| Untracked 
|  30|0x0000000714800000, 0x0000000714800000, 0x0000000714a00000|  0%| F|  |TAMS 0x0000000714800000, 0x0000000714800000| Untracked 
|  31|0x0000000714a00000, 0x0000000714a00000, 0x0000000714c00000|  0%| F|  |TAMS 0x0000000714a00000, 0x0000000714a00000| Untracked 
|  32|0x0000000714c00000, 0x0000000714c00000, 0x0000000714e00000|  0%| F|  |TAMS 0x0000000714c00000, 0x0000000714c00000| Untracked 
|  33|0x0000000714e00000, 0x0000000714e00000, 0x0000000715000000|  0%| F|  |TAMS 0x0000000714e00000, 0x0000000714e00000| Untracked 
|  34|0x0000000715000000, 0x0000000715000000, 0x0000000715200000|  0%| F|  |TAMS 0x0000000715000000, 0x0000000715000000| Untracked 
|  35|0x0000000715200000, 0x0000000715200000, 0x0000000715400000|  0%| F|  |TAMS 0x0000000715200000, 0x0000000715200000| Untracked 
|  36|0x0000000715400000, 0x0000000715400000, 0x0000000715600000|  0%| F|  |TAMS 0x0000000715400000, 0x0000000715400000| Untracked 
|  37|0x0000000715600000, 0x0000000715600000, 0x0000000715800000|  0%| F|  |TAMS 0x0000000715600000, 0x0000000715600000| Untracked 
|  38|0x0000000715800000, 0x0000000715800000, 0x0000000715a00000|  0%| F|  |TAMS 0x0000000715800000, 0x0000000715800000| Untracked 
|  39|0x0000000715a00000, 0x0000000715a00000, 0x0000000715c00000|  0%| F|  |TAMS 0x0000000715a00000, 0x0000000715a00000| Untracked 
|  40|0x0000000715c00000, 0x0000000715c00000, 0x0000000715e00000|  0%| F|  |TAMS 0x0000000715c00000, 0x0000000715c00000| Untracked 
|  41|0x0000000715e00000, 0x0000000715e00000, 0x0000000716000000|  0%| F|  |TAMS 0x0000000715e00000, 0x0000000715e00000| Untracked 
|  42|0x0000000716000000, 0x0000000716000000, 0x0000000716200000|  0%| F|  |TAMS 0x0000000716000000, 0x0000000716000000| Untracked 
|  43|0x0000000716200000, 0x0000000716200000, 0x0000000716400000|  0%| F|  |TAMS 0x0000000716200000, 0x0000000716200000| Untracked 
|  44|0x0000000716400000, 0x0000000716400000, 0x0000000716600000|  0%| F|  |TAMS 0x0000000716400000, 0x0000000716400000| Untracked 
|  45|0x0000000716600000, 0x0000000716600000, 0x0000000716800000|  0%| F|  |TAMS 0x0000000716600000, 0x0000000716600000| Untracked 
|  46|0x0000000716800000, 0x0000000716800000, 0x0000000716a00000|  0%| F|  |TAMS 0x0000000716800000, 0x0000000716800000| Untracked 
|  47|0x0000000716a00000, 0x0000000716a00000, 0x0000000716c00000|  0%| F|  |TAMS 0x0000000716a00000, 0x0000000716a00000| Untracked 
|  48|0x0000000716c00000, 0x0000000716c00000, 0x0000000716e00000|  0%| F|  |TAMS 0x0000000716c00000, 0x0000000716c00000| Untracked 
|  49|0x0000000716e00000, 0x0000000716e00000, 0x0000000717000000|  0%| F|  |TAMS 0x0000000716e00000, 0x0000000716e00000| Untracked 
|  50|0x0000000717000000, 0x0000000717000000, 0x0000000717200000|  0%| F|  |TAMS 0x0000000717000000, 0x0000000717000000| Untracked 
|  51|0x0000000717200000, 0x0000000717200000, 0x0000000717400000|  0%| F|  |TAMS 0x0000000717200000, 0x0000000717200000| Untracked 
|  52|0x0000000717400000, 0x0000000717400000, 0x0000000717600000|  0%| F|  |TAMS 0x0000000717400000, 0x0000000717400000| Untracked 
|  53|0x0000000717600000, 0x0000000717600000, 0x0000000717800000|  0%| F|  |TAMS 0x0000000717600000, 0x0000000717600000| Untracked 
|  54|0x0000000717800000, 0x0000000717800000, 0x0000000717a00000|  0%| F|  |TAMS 0x0000000717800000, 0x0000000717800000| Untracked 
|  55|0x0000000717a00000, 0x0000000717a00000, 0x0000000717c00000|  0%| F|  |TAMS 0x0000000717a00000, 0x0000000717a00000| Untracked 
|  56|0x0000000717c00000, 0x0000000717c00000, 0x0000000717e00000|  0%| F|  |TAMS 0x0000000717c00000, 0x0000000717c00000| Untracked 
|  57|0x0000000717e00000, 0x0000000717e00000, 0x0000000718000000|  0%| F|  |TAMS 0x0000000717e00000, 0x0000000717e00000| Untracked 
|  58|0x0000000718000000, 0x0000000718000000, 0x0000000718200000|  0%| F|  |TAMS 0x0000000718000000, 0x0000000718000000| Untracked 
|  59|0x0000000718200000, 0x0000000718200000, 0x0000000718400000|  0%| F|  |TAMS 0x0000000718200000, 0x0000000718200000| Untracked 
|  60|0x0000000718400000, 0x0000000718400000, 0x0000000718600000|  0%| F|  |TAMS 0x0000000718400000, 0x0000000718400000| Untracked 
|  61|0x0000000718600000, 0x0000000718600000, 0x0000000718800000|  0%| F|  |TAMS 0x0000000718600000, 0x0000000718600000| Untracked 
|  62|0x0000000718800000, 0x0000000718800000, 0x0000000718a00000|  0%| F|  |TAMS 0x0000000718800000, 0x0000000718800000| Untracked 
|  63|0x0000000718a00000, 0x0000000718a00000, 0x0000000718c00000|  0%| F|  |TAMS 0x0000000718a00000, 0x0000000718a00000| Untracked 
|  64|0x0000000718c00000, 0x0000000718c00000, 0x0000000718e00000|  0%| F|  |TAMS 0x0000000718c00000, 0x0000000718c00000| Untracked 
|  65|0x0000000718e00000, 0x0000000718e00000, 0x0000000719000000|  0%| F|  |TAMS 0x0000000718e00000, 0x0000000718e00000| Untracked 
|  66|0x0000000719000000, 0x0000000719000000, 0x0000000719200000|  0%| F|  |TAMS 0x0000000719000000, 0x0000000719000000| Untracked 
|  67|0x0000000719200000, 0x0000000719200000, 0x0000000719400000|  0%| F|  |TAMS 0x0000000719200000, 0x0000000719200000| Untracked 
|  68|0x0000000719400000, 0x0000000719400000, 0x0000000719600000|  0%| F|  |TAMS 0x0000000719400000, 0x0000000719400000| Untracked 
|  69|0x0000000719600000, 0x0000000719600000, 0x0000000719800000|  0%| F|  |TAMS 0x0000000719600000, 0x0000000719600000| Untracked 
|  70|0x0000000719800000, 0x0000000719800000, 0x0000000719a00000|  0%| F|  |TAMS 0x0000000719800000, 0x0000000719800000| Untracked 
|  71|0x0000000719a00000, 0x0000000719a00000, 0x0000000719c00000|  0%| F|  |TAMS 0x0000000719a00000, 0x0000000719a00000| Untracked 
|  72|0x0000000719c00000, 0x0000000719c00000, 0x0000000719e00000|  0%| F|  |TAMS 0x0000000719c00000, 0x0000000719c00000| Untracked 
|  73|0x0000000719e00000, 0x0000000719e00000, 0x000000071a000000|  0%| F|  |TAMS 0x0000000719e00000, 0x0000000719e00000| Untracked 
|  74|0x000000071a000000, 0x000000071a000000, 0x000000071a200000|  0%| F|  |TAMS 0x000000071a000000, 0x000000071a000000| Untracked 
|  75|0x000000071a200000, 0x000000071a200000, 0x000000071a400000|  0%| F|  |TAMS 0x000000071a200000, 0x000000071a200000| Untracked 
|  76|0x000000071a400000, 0x000000071a400000, 0x000000071a600000|  0%| F|  |TAMS 0x000000071a400000, 0x000000071a400000| Untracked 
|  77|0x000000071a600000, 0x000000071a600000, 0x000000071a800000|  0%| F|  |TAMS 0x000000071a600000, 0x000000071a600000| Untracked 
|  78|0x000000071a800000, 0x000000071a800000, 0x000000071aa00000|  0%| F|  |TAMS 0x000000071a800000, 0x000000071a800000| Untracked 
|  79|0x000000071aa00000, 0x000000071aa00000, 0x000000071ac00000|  0%| F|  |TAMS 0x000000071aa00000, 0x000000071aa00000| Untracked 
|  80|0x000000071ac00000, 0x000000071ac00000, 0x000000071ae00000|  0%| F|  |TAMS 0x000000071ac00000, 0x000000071ac00000| Untracked 
|  81|0x000000071ae00000, 0x000000071ae00000, 0x000000071b000000|  0%| F|  |TAMS 0x000000071ae00000, 0x000000071ae00000| Untracked 
|  82|0x000000071b000000, 0x000000071b000000, 0x000000071b200000|  0%| F|  |TAMS 0x000000071b000000, 0x000000071b000000| Untracked 
|  83|0x000000071b200000, 0x000000071b200000, 0x000000071b400000|  0%| F|  |TAMS 0x000000071b200000, 0x000000071b200000| Untracked 
|  84|0x000000071b400000, 0x000000071b400000, 0x000000071b600000|  0%| F|  |TAMS 0x000000071b400000, 0x000000071b400000| Untracked 
|  85|0x000000071b600000, 0x000000071b600000, 0x000000071b800000|  0%| F|  |TAMS 0x000000071b600000, 0x000000071b600000| Untracked 
|  86|0x000000071b800000, 0x000000071b800000, 0x000000071ba00000|  0%| F|  |TAMS 0x000000071b800000, 0x000000071b800000| Untracked 
|  87|0x000000071ba00000, 0x000000071ba00000, 0x000000071bc00000|  0%| F|  |TAMS 0x000000071ba00000, 0x000000071ba00000| Untracked 
|  88|0x000000071bc00000, 0x000000071bc00000, 0x000000071be00000|  0%| F|  |TAMS 0x000000071bc00000, 0x000000071bc00000| Untracked 
|  89|0x000000071be00000, 0x000000071be00000, 0x000000071c000000|  0%| F|  |TAMS 0x000000071be00000, 0x000000071be00000| Untracked 
|  90|0x000000071c000000, 0x000000071c000000, 0x000000071c200000|  0%| F|  |TAMS 0x000000071c000000, 0x000000071c000000| Untracked 
|  91|0x000000071c200000, 0x000000071c200000, 0x000000071c400000|  0%| F|  |TAMS 0x000000071c200000, 0x000000071c200000| Untracked 
|  92|0x000000071c400000, 0x000000071c400000, 0x000000071c600000|  0%| F|  |TAMS 0x000000071c400000, 0x000000071c400000| Untracked 
|  93|0x000000071c600000, 0x000000071c600000, 0x000000071c800000|  0%| F|  |TAMS 0x000000071c600000, 0x000000071c600000| Untracked 
|  94|0x000000071c800000, 0x000000071c800000, 0x000000071ca00000|  0%| F|  |TAMS 0x000000071c800000, 0x000000071c800000| Untracked 
|  95|0x000000071ca00000, 0x000000071ca00000, 0x000000071cc00000|  0%| F|  |TAMS 0x000000071ca00000, 0x000000071ca00000| Untracked 
|  96|0x000000071cc00000, 0x000000071cc00000, 0x000000071ce00000|  0%| F|  |TAMS 0x000000071cc00000, 0x000000071cc00000| Untracked 
|  97|0x000000071ce00000, 0x000000071ce00000, 0x000000071d000000|  0%| F|  |TAMS 0x000000071ce00000, 0x000000071ce00000| Untracked 
|  98|0x000000071d000000, 0x000000071d000000, 0x000000071d200000|  0%| F|  |TAMS 0x000000071d000000, 0x000000071d000000| Untracked 
|  99|0x000000071d200000, 0x000000071d200000, 0x000000071d400000|  0%| F|  |TAMS 0x000000071d200000, 0x000000071d200000| Untracked 
| 100|0x000000071d400000, 0x000000071d400000, 0x000000071d600000|  0%| F|  |TAMS 0x000000071d400000, 0x000000071d400000| Untracked 
| 101|0x000000071d600000, 0x000000071d600000, 0x000000071d800000|  0%| F|  |TAMS 0x000000071d600000, 0x000000071d600000| Untracked 
| 102|0x000000071d800000, 0x000000071d800000, 0x000000071da00000|  0%| F|  |TAMS 0x000000071d800000, 0x000000071d800000| Untracked 
| 103|0x000000071da00000, 0x000000071da00000, 0x000000071dc00000|  0%| F|  |TAMS 0x000000071da00000, 0x000000071da00000| Untracked 
| 104|0x000000071dc00000, 0x000000071dc00000, 0x000000071de00000|  0%| F|  |TAMS 0x000000071dc00000, 0x000000071dc00000| Untracked 
| 105|0x000000071de00000, 0x000000071de00000, 0x000000071e000000|  0%| F|  |TAMS 0x000000071de00000, 0x000000071de00000| Untracked 
| 106|0x000000071e000000, 0x000000071e000000, 0x000000071e200000|  0%| F|  |TAMS 0x000000071e000000, 0x000000071e000000| Untracked 
| 107|0x000000071e200000, 0x000000071e200000, 0x000000071e400000|  0%| F|  |TAMS 0x000000071e200000, 0x000000071e200000| Untracked 
| 108|0x000000071e400000, 0x000000071e400000, 0x000000071e600000|  0%| F|  |TAMS 0x000000071e400000, 0x000000071e400000| Untracked 
| 109|0x000000071e600000, 0x000000071e600000, 0x000000071e800000|  0%| F|  |TAMS 0x000000071e600000, 0x000000071e600000| Untracked 
| 110|0x000000071e800000, 0x000000071e800000, 0x000000071ea00000|  0%| F|  |TAMS 0x000000071e800000, 0x000000071e800000| Untracked 
| 111|0x000000071ea00000, 0x000000071ea00000, 0x000000071ec00000|  0%| F|  |TAMS 0x000000071ea00000, 0x000000071ea00000| Untracked 
| 112|0x000000071ec00000, 0x000000071ec00000, 0x000000071ee00000|  0%| F|  |TAMS 0x000000071ec00000, 0x000000071ec00000| Untracked 
| 113|0x000000071ee00000, 0x000000071ee00000, 0x000000071f000000|  0%| F|  |TAMS 0x000000071ee00000, 0x000000071ee00000| Untracked 
| 114|0x000000071f000000, 0x000000071f000000, 0x000000071f200000|  0%| F|  |TAMS 0x000000071f000000, 0x000000071f000000| Untracked 
| 115|0x000000071f200000, 0x000000071f200000, 0x000000071f400000|  0%| F|  |TAMS 0x000000071f200000, 0x000000071f200000| Untracked 
| 116|0x000000071f400000, 0x000000071f400000, 0x000000071f600000|  0%| F|  |TAMS 0x000000071f400000, 0x000000071f400000| Untracked 
| 117|0x000000071f600000, 0x000000071f600000, 0x000000071f800000|  0%| F|  |TAMS 0x000000071f600000, 0x000000071f600000| Untracked 
| 118|0x000000071f800000, 0x000000071f800000, 0x000000071fa00000|  0%| F|  |TAMS 0x000000071f800000, 0x000000071f800000| Untracked 
| 119|0x000000071fa00000, 0x000000071fa70a48, 0x000000071fc00000| 22%| E|  |TAMS 0x000000071fa00000, 0x000000071fa00000| Complete 
|1912|0x00000007ffc00000, 0x00000007ffd75000, 0x00000007ffe00000| 72%|OA|  |TAMS 0x00000007ffc00000, 0x00000007ffc00000| Untracked 
|1913|0x00000007ffe00000, 0x00000007ffe78000, 0x0000000800000000| 23%|CA|  |TAMS 0x00000007ffe00000, 0x00000007ffe00000| Untracked 

Card table byte_map: [0x0000778411517000,0x0000778411c91000] _byte_map_base: 0x000077840dc91000

Marking Bits (Prev, Next): (CMBitMap*) 0x000077840c081780, (CMBitMap*) 0x000077840c0817c0
 Prev Bits: [0x00007783f1830000, 0x00007783f5400000)
 Next Bits: [0x00007783edc60000, 0x00007783f1830000)

GC Heap History (0 events):
No events

Dll operation events (1 events):
Event: 0.004 Loaded shared library /usr/lib/jvm/java-17-openjdk-amd64/lib/libjava.so

Deoptimization events (0 events):
No events

Classes loaded (0 events):
No events

Classes unloaded (0 events):
No events

Classes redefined (0 events):
No events

Internal exceptions (0 events):
No events

VM Operations (0 events):
No events

Memory protections (1 events):
Event: 0.004 Protecting memory [0x0000778412f00000,0x0000778412f04000] with protection modes 0

Nmethod flushes (0 events):
No events

Events (0 events):
No events


Dynamic libraries:
710c00000-71fc00000 rw-p 00000000 00:00 0 
71fc00000-7ffc00000 ---p 00000000 00:00 0 
7ffc00000-7ffd00000 rw-p 00000000 00:00 0 
7ffd00000-7ffd75000 rw-p 00c7a000 103:02 5145726                         /usr/lib/jvm/java-17-openjdk-amd64/lib/server/classes.jsa
7ffd75000-7ffe00000 rw-p 00000000 00:00 0 
7ffe00000-7ffe78000 rw-p 00c02000 103:02 5145726                         /usr/lib/jvm/java-17-openjdk-amd64/lib/server/classes.jsa
7ffe78000-800000000 rw-p 00000000 00:00 0 
6178dbdb7000-6178dbdb8000 r--p 00000000 103:02 5116657                   /usr/lib/jvm/java-17-openjdk-amd64/bin/java
6178dbdb8000-6178dbdb9000 r-xp 00001000 103:02 5116657                   /usr/lib/jvm/java-17-openjdk-amd64/bin/java
6178dbdb9000-6178dbdba000 r--p 00002000 103:02 5116657                   /usr/lib/jvm/java-17-openjdk-amd64/bin/java
6178dbdba000-6178dbdbb000 r--p 00002000 103:02 5116657                   /usr/lib/jvm/java-17-openjdk-amd64/bin/java
6178dbdbb000-6178dbdbc000 rw-p 00003000 103:02 5116657                   /usr/lib/jvm/java-17-openjdk-amd64/bin/java
6178e3f87000-6178e3fce000 rw-p 00000000 00:00 0                          [heap]
77838f000000-77838fbca000 rw-p 00001000 103:02 5145726                   /usr/lib/jvm/java-17-openjdk-amd64/lib/server/classes.jsa
77838fbca000-7783d0000000 ---p 00000000 00:00 0 
7783d0000000-7783d0021000 rw-p 00000000 00:00 0 
7783d0021000-7783d4000000 ---p 00000000 00:00 0 
7783d8000000-7783d8021000 rw-p 00000000 00:00 0 
7783d8021000-7783dc000000 ---p 00000000 00:00 0 
7783de000000-7783e0000000 rw-p 00000000 00:00 0 
7783e0000000-7783e0021000 rw-p 00000000 00:00 0 
7783e0021000-7783e4000000 ---p 00000000 00:00 0 
7783e4000000-7783e4021000 rw-p 00000000 00:00 0 
7783e4021000-7783e8000000 ---p 00000000 00:00 0 
7783e8000000-7783e8021000 rw-p 00000000 00:00 0 
7783e8021000-7783ec000000 ---p 00000000 00:00 0 
7783ed6a0000-7783edb5f000 rw-p 00000000 00:00 0 
7783edb5f000-7783edb60000 ---p 00000000 00:00 0 
7783edb60000-7783edc60000 rw-p 00000000 00:00 0 
7783edc60000-7783ee020000 rw-p 00000000 00:00 0 
7783ee020000-7783f1820000 ---p 00000000 00:00 0 
7783f1820000-7783f1bf0000 rw-p 00000000 00:00 0 
7783f1bf0000-7783f53f0000 ---p 00000000 00:00 0 
7783f53f0000-7783f5400000 rw-p 00000000 00:00 0 
7783f5400000-7783f5670000 rwxp 00000000 00:00 0 
7783f5670000-7783fc937000 ---p 00000000 00:00 0 
7783fc937000-7783fcba7000 rwxp 00000000 00:00 0 
7783fcba7000-7783fcec9000 ---p 00000000 00:00 0 
7783fcec9000-7783fd139000 rwxp 00000000 00:00 0 
7783fd139000-778404400000 ---p 00000000 00:00 0 
778404400000-77840bed5000 r--s 00000000 103:02 5145725                   /usr/lib/jvm/java-17-openjdk-amd64/lib/modules
77840beff000-77840bf00000 ---p 00000000 00:00 0 
77840bf00000-77840c000000 rw-p 00000000 00:00 0 
77840c000000-77840c17c000 rw-p 00000000 00:00 0 
77840c17c000-778410000000 ---p 00000000 00:00 0 
778410014000-778410a1e000 rw-p 00000000 00:00 0 
778410a1e000-778410a1f000 ---p 00000000 00:00 0 
778410a1f000-778410b1f000 rw-p 00000000 00:00 0 
778410b1f000-778410b20000 ---p 00000000 00:00 0 
778410b20000-778410c20000 rw-p 00000000 00:00 0 
778410c20000-778410c21000 ---p 00000000 00:00 0 
778410c21000-778410d21000 rw-p 00000000 00:00 0 
778410d21000-778410e15000 rw-p 00000000 00:00 0 
778410e15000-778411515000 ---p 00000000 00:00 0 
778411515000-77841158f000 rw-p 00000000 00:00 0 
77841158f000-778411c8f000 ---p 00000000 00:00 0 
778411c8f000-778411d09000 rw-p 00000000 00:00 0 
778411d09000-778412409000 ---p 00000000 00:00 0 
778412409000-778412e1a000 rw-p 00000000 00:00 0 
778412e1a000-778412f00000 ---p 00000000 00:00 0 
778412f00000-778412f04000 ---p 00000000 00:00 0 
778412f04000-778413000000 rw-p 00000000 00:00 0 
778413000000-77841309a000 r--p 00000000 103:02 4853096                   /usr/lib/x86_64-linux-gnu/libstdc++.so.6.0.30
77841309a000-7784131ab000 r-xp 0009a000 103:02 4853096                   /usr/lib/x86_64-linux-gnu/libstdc++.so.6.0.30
7784131ab000-77841321a000 r--p 001ab000 103:02 4853096                   /usr/lib/x86_64-linux-gnu/libstdc++.so.6.0.30
77841321a000-77841321b000 ---p 0021a000 103:02 4853096                   /usr/lib/x86_64-linux-gnu/libstdc++.so.6.0.30
77841321b000-778413226000 r--p 0021a000 103:02 4853096                   /usr/lib/x86_64-linux-gnu/libstdc++.so.6.0.30
778413226000-778413229000 rw-p 00225000 103:02 4853096                   /usr/lib/x86_64-linux-gnu/libstdc++.so.6.0.30
778413229000-77841322c000 rw-p 00000000 00:00 0 
77841322e000-778413233000 rw-p 00000000 00:00 0 
778413233000-778413319000 ---p 00000000 00:00 0 
778413319000-778413327000 r--p 00000000 103:02 4851930                   /usr/lib/x86_64-linux-gnu/libm.so.6
778413327000-7784133a3000 r-xp 0000e000 103:02 4851930                   /usr/lib/x86_64-linux-gnu/libm.so.6
7784133a3000-7784133fe000 r--p 0008a000 103:02 4851930                   /usr/lib/x86_64-linux-gnu/libm.so.6
7784133fe000-7784133ff000 r--p 000e4000 103:02 4851930                   /usr/lib/x86_64-linux-gnu/libm.so.6
7784133ff000-778413400000 rw-p 000e5000 103:02 4851930                   /usr/lib/x86_64-linux-gnu/libm.so.6
778413400000-778413651000 r--p 00000000 103:02 5145729                   /usr/lib/jvm/java-17-openjdk-amd64/lib/server/libjvm.so
778413651000-7784143c5000 r-xp 00251000 103:02 5145729                   /usr/lib/jvm/java-17-openjdk-amd64/lib/server/libjvm.so
7784143c5000-778414648000 r--p 00fc5000 103:02 5145729                   /usr/lib/jvm/java-17-openjdk-amd64/lib/server/libjvm.so
778414648000-778414649000 ---p 01248000 103:02 5145729                   /usr/lib/jvm/java-17-openjdk-amd64/lib/server/libjvm.so
778414649000-778414701000 r--p 01248000 103:02 5145729                   /usr/lib/jvm/java-17-openjdk-amd64/lib/server/libjvm.so
778414701000-778414736000 rw-p 01300000 103:02 5145729                   /usr/lib/jvm/java-17-openjdk-amd64/lib/server/libjvm.so
778414736000-778414790000 rw-p 00000000 00:00 0 
7784147bf000-778414800000 rw-p 00000000 00:00 0 
778414800000-778414828000 r--p 00000000 103:02 4851901                   /usr/lib/x86_64-linux-gnu/libc.so.6
778414828000-7784149bd000 r-xp 00028000 103:02 4851901                   /usr/lib/x86_64-linux-gnu/libc.so.6
7784149bd000-778414a15000 r--p 001bd000 103:02 4851901                   /usr/lib/x86_64-linux-gnu/libc.so.6
778414a15000-778414a16000 ---p 00215000 103:02 4851901                   /usr/lib/x86_64-linux-gnu/libc.so.6
778414a16000-778414a1a000 r--p 00215000 103:02 4851901                   /usr/lib/x86_64-linux-gnu/libc.so.6
778414a1a000-778414a1c000 rw-p 00219000 103:02 4851901                   /usr/lib/x86_64-linux-gnu/libc.so.6
778414a1c000-778414a29000 rw-p 00000000 00:00 0 
778414a9a000-778414a9f000 rw-p 00000000 00:00 0 
778414a9f000-778414aa6000 ---p 00000000 00:00 0 
778414aa6000-778414ab2000 r--p 00000000 103:02 5145703                   /usr/lib/jvm/java-17-openjdk-amd64/lib/libjava.so
778414ab2000-778414ac5000 r-xp 0000c000 103:02 5145703                   /usr/lib/jvm/java-17-openjdk-amd64/lib/libjava.so
778414ac5000-778414acb000 r--p 0001f000 103:02 5145703                   /usr/lib/jvm/java-17-openjdk-amd64/lib/libjava.so
778414acb000-778414acc000 r--p 00024000 103:02 5145703                   /usr/lib/jvm/java-17-openjdk-amd64/lib/libjava.so
778414acc000-778414acd000 rw-p 00025000 103:02 5145703                   /usr/lib/jvm/java-17-openjdk-amd64/lib/libjava.so
778414acd000-778414ace000 rw-p 00000000 00:00 0 
778414ace000-778414ad1000 r--p 00000000 103:02 4855023                   /usr/lib/x86_64-linux-gnu/libgcc_s.so.1
778414ad1000-778414ae8000 r-xp 00003000 103:02 4855023                   /usr/lib/x86_64-linux-gnu/libgcc_s.so.1
778414ae8000-778414aec000 r--p 0001a000 103:02 4855023                   /usr/lib/x86_64-linux-gnu/libgcc_s.so.1
778414aec000-778414aed000 r--p 0001d000 103:02 4855023                   /usr/lib/x86_64-linux-gnu/libgcc_s.so.1
778414aed000-778414aee000 rw-p 0001e000 103:02 4855023                   /usr/lib/x86_64-linux-gnu/libgcc_s.so.1
778414aee000-778414af1000 rw-p 00000000 00:00 0 
778414af1000-778414af3000 r--p 00000000 103:02 5145707                   /usr/lib/jvm/java-17-openjdk-amd64/lib/libjli.so
778414af3000-778414afd000 r-xp 00002000 103:02 5145707                   /usr/lib/jvm/java-17-openjdk-amd64/lib/libjli.so
778414afd000-778414b00000 r--p 0000c000 103:02 5145707                   /usr/lib/jvm/java-17-openjdk-amd64/lib/libjli.so
778414b00000-778414b01000 r--p 0000e000 103:02 5145707                   /usr/lib/jvm/java-17-openjdk-amd64/lib/libjli.so
778414b01000-778414b02000 rw-p 0000f000 103:02 5145707                   /usr/lib/jvm/java-17-openjdk-amd64/lib/libjli.so
778414b02000-778414b04000 r--p 00000000 103:02 4878934                   /usr/lib/x86_64-linux-gnu/libz.so.1.2.11
778414b04000-778414b15000 r-xp 00002000 103:02 4878934                   /usr/lib/x86_64-linux-gnu/libz.so.1.2.11
778414b15000-778414b1b000 r--p 00013000 103:02 4878934                   /usr/lib/x86_64-linux-gnu/libz.so.1.2.11
778414b1b000-778414b1c000 ---p 00019000 103:02 4878934                   /usr/lib/x86_64-linux-gnu/libz.so.1.2.11
778414b1c000-778414b1d000 r--p 00019000 103:02 4878934                   /usr/lib/x86_64-linux-gnu/libz.so.1.2.11
778414b1d000-778414b1e000 rw-p 0001a000 103:02 4878934                   /usr/lib/x86_64-linux-gnu/libz.so.1.2.11
778414b1f000-778414b27000 rw-s 00000000 103:02 13783755                  /tmp/hsperfdata_sunil/30375
778414b27000-778414b28000 ---p 00000000 00:00 0 
778414b28000-778414b29000 r--p 00000000 00:00 0 
778414b29000-778414b2b000 r--p 00000000 103:02 5145706                   /usr/lib/jvm/java-17-openjdk-amd64/lib/libjimage.so
778414b2b000-778414b2e000 r-xp 00002000 103:02 5145706                   /usr/lib/jvm/java-17-openjdk-amd64/lib/libjimage.so
778414b2e000-778414b2f000 r--p 00005000 103:02 5145706                   /usr/lib/jvm/java-17-openjdk-amd64/lib/libjimage.so
778414b2f000-778414b30000 ---p 00006000 103:02 5145706                   /usr/lib/jvm/java-17-openjdk-amd64/lib/libjimage.so
778414b30000-778414b31000 r--p 00006000 103:02 5145706                   /usr/lib/jvm/java-17-openjdk-amd64/lib/libjimage.so
778414b31000-778414b32000 rw-p 00007000 103:02 5145706                   /usr/lib/jvm/java-17-openjdk-amd64/lib/libjimage.so
778414b32000-778414b34000 rw-p 00000000 00:00 0 
778414b34000-778414b36000 r--p 00000000 103:02 4851817                   /usr/lib/x86_64-linux-gnu/ld-linux-x86-64.so.2
778414b36000-778414b60000 r-xp 00002000 103:02 4851817                   /usr/lib/x86_64-linux-gnu/ld-linux-x86-64.so.2
778414b60000-778414b6b000 r--p 0002c000 103:02 4851817                   /usr/lib/x86_64-linux-gnu/ld-linux-x86-64.so.2
778414b6b000-778414b6c000 ---p 00000000 00:00 0 
778414b6c000-778414b6e000 r--p 00037000 103:02 4851817                   /usr/lib/x86_64-linux-gnu/ld-linux-x86-64.so.2
778414b6e000-778414b70000 rw-p 00039000 103:02 4851817                   /usr/lib/x86_64-linux-gnu/ld-linux-x86-64.so.2
7ffffd843000-7ffffd864000 rw-p 00000000 00:00 0                          [stack]
7ffffd9c6000-7ffffd9ca000 r--p 00000000 00:00 0                          [vvar]
7ffffd9ca000-7ffffd9cc000 r-xp 00000000 00:00 0                          [vdso]
ffffffffff600000-ffffffffff601000 --xp 00000000 00:00 0                  [vsyscall]


VM Arguments:
java_command: <unknown>
java_class_path (initial): <not set>
Launcher Type: SUN_STANDARD

[Global flags]
     intx CICompilerCount                          = 4                                         {product} {ergonomic}
     uint ConcGCThreads                            = 3                                         {product} {ergonomic}
     uint G1ConcRefinementThreads                  = 10                                        {product} {ergonomic}
   size_t G1HeapRegionSize                         = 2097152                                   {product} {ergonomic}
    uintx GCDrainStackTargetSize                   = 64                                        {product} {ergonomic}
   size_t InitialHeapSize                          = 251658240                                 {product} {ergonomic}
   size_t MarkStackSize                            = 4194304                                   {product} {ergonomic}
   size_t MaxHeapSize                              = 4013948928                                {product} {ergonomic}
   size_t MaxNewSize                               = 2407530496                                {product} {ergonomic}
   size_t MinHeapDeltaBytes                        = 2097152                                   {product} {ergonomic}
   size_t MinHeapSize                              = 8388608                                   {product} {ergonomic}
    uintx NonNMethodCodeHeapSize                   = 5839372                                {pd product} {ergonomic}
    uintx NonProfiledCodeHeapSize                  = 122909434                              {pd product} {ergonomic}
    uintx ProfiledCodeHeapSize                     = 122909434                              {pd product} {ergonomic}
    uintx ReservedCodeCacheSize                    = 251658240                              {pd product} {ergonomic}
     bool SegmentedCodeCache                       = true                                      {product} {ergonomic}
   size_t SoftMaxHeapSize                          = 4013948928                             {manageable} {ergonomic}
     bool UseCompressedClassPointers               = true                           {product lp64_product} {ergonomic}
     bool UseCompressedOops                        = true                           {product lp64_product} {ergonomic}
     bool UseG1GC                                  = true                                      {product} {ergonomic}

Logging:
Log output configuration:
 #0: stdout all=warning uptime,level,tags
 #1: stderr all=off uptime,level,tags

Environment Variables:
PATH=/home/sunil/.local/share/pnpm:/home/sunil/.nvm/versions/node/v20.20.2/bin:/home/sunil/.local/bin:/usr/local/sbin:/usr/local/bin:/usr/sbin:/usr/bin:/sbin:/bin:/usr/games:/usr/local/games:/snap/bin:/snap/bin:/usr/local/bin:/opt/platform-tools:/home/sunil/Android/Sdk/emulator:/home/sunil/Android/Sdk/platform-tools
USERNAME=sunil
SHELL=/bin/bash
DISPLAY=:1
LANG=en_IN
TERM=xterm-256color

Active Locale:
LC_ALL=C
LC_COLLATE=C
LC_CTYPE=C
LC_MESSAGES=C
LC_MONETARY=C
LC_NUMERIC=C
LC_TIME=C

Signal Handlers:
   SIGSEGV: crash_handler in libjvm.so, mask=11100100010111111101111111111110, flags=SA_RESTART|SA_SIGINFO, unblocked
    SIGBUS: crash_handler in libjvm.so, mask=11100100010111111101111111111110, flags=SA_RESTART|SA_SIGINFO, unblocked
    SIGFPE: crash_handler in libjvm.so, mask=11100100010111111101111111111110, flags=SA_RESTART|SA_SIGINFO, unblocked
   SIGPIPE: javaSignalHandler in libjvm.so, mask=11100100010111111101111111111110, flags=SA_RESTART|SA_SIGINFO, blocked
   SIGXFSZ: javaSignalHandler in libjvm.so, mask=11100100010111111101111111111110, flags=SA_RESTART|SA_SIGINFO, blocked
    SIGILL: crash_handler in libjvm.so, mask=11100100010111111101111111111110, flags=SA_RESTART|SA_SIGINFO, unblocked
   SIGUSR2: SR_handler in libjvm.so, mask=00000000000000000000000000000000, flags=SA_RESTART|SA_SIGINFO, blocked
    SIGHUP: SIG_DFL, mask=00000000000000000000000000000000, flags=none, blocked
    SIGINT: SIG_DFL, mask=00000000000000000000000000000000, flags=none, blocked
   SIGTERM: SIG_DFL, mask=00000000000000000000000000000000, flags=none, blocked
   SIGQUIT: UserHandler in libjvm.so, mask=11100100010111111101111111111110, flags=SA_RESTART|SA_SIGINFO, blocked
   SIGTRAP: crash_handler in libjvm.so, mask=11100100010111111101111111111110, flags=SA_RESTART|SA_SIGINFO, unblocked


Periodic native trim disabled


---------------  S Y S T E M  ---------------

OS:
DISTRIB_ID=Ubuntu
DISTRIB_RELEASE=22.04
DISTRIB_CODENAME=jammy
DISTRIB_DESCRIPTION="Ubuntu 22.04.5 LTS"
uname: Linux 6.8.0-111-generic #111~22.04.1-Ubuntu SMP PREEMPT_DYNAMIC Tue Apr 14 17:13:45 UTC  x86_64
OS uptime: 0 days 13:21 hours
libc: glibc 2.35 NPTL 2.35 
rlimit (soft/hard): STACK 8192k/infinity , CORE 0k/infinity , NPROC 60893/60893 , NOFILE 1048576/1048576 , AS infinity/infinity , CPU infinity/infinity , DATA infinity/infinity , FSIZE infinity/infinity , MEMLOCK 1959408k/1959408k
load average: 2.82 6.08 4.86

/proc/meminfo:
MemTotal:       15675264 kB
MemFree:         2039588 kB
MemAvailable:    8669196 kB
Buffers:          173420 kB
Cached:          6402492 kB
SwapCached:        32236 kB
Active:          3904896 kB
Inactive:        8164892 kB
Active(anon):    2957368 kB
Inactive(anon):  2684404 kB
Active(file):     947528 kB
Inactive(file):  5480488 kB
Unevictable:          48 kB
Mlocked:              48 kB
SwapTotal:       2097148 kB
SwapFree:        1754876 kB
Zswap:                 0 kB
Zswapped:              0 kB
Dirty:               120 kB
Writeback:             0 kB
AnonPages:       5476812 kB
Mapped:          1028812 kB
Shmem:            147896 kB
KReclaimable:     541272 kB
Slab:             849520 kB
SReclaimable:     541272 kB
SUnreclaim:       308248 kB
KernelStack:       22180 kB
PageTables:        71272 kB
SecPageTables:         0 kB
NFS_Unstable:          0 kB
Bounce:                0 kB
WritebackTmp:          0 kB
CommitLimit:     9934780 kB
Committed_AS:   30574216 kB
VmallocTotal:   34359738367 kB
VmallocUsed:       78780 kB
VmallocChunk:          0 kB
Percpu:            19840 kB
HardwareCorrupted:     0 kB
AnonHugePages:         0 kB
ShmemHugePages:        0 kB
ShmemPmdMapped:        0 kB
FileHugePages:         0 kB
FilePmdMapped:         0 kB
Unaccepted:            0 kB
HugePages_Total:       0
HugePages_Free:        0
HugePages_Rsvd:        0
HugePages_Surp:        0
Hugepagesize:       2048 kB
Hugetlb:               0 kB
DirectMap4k:      995732 kB
DirectMap2M:    15075328 kB
DirectMap1G:     1048576 kB

/sys/kernel/mm/transparent_hugepage/enabled: always [madvise] never
/sys/kernel/mm/transparent_hugepage/hpage_pmd_size: 2097152
/sys/kernel/mm/transparent_hugepage/defrag (defrag/compaction efforts parameter): always defer defer+madvise [madvise] never

Process Memory:
Virtual Size: 5988744K (peak: 5988744K)
Resident Set Size: 35456K (peak: 35456K) (anon: 19620K, file: 15836K, shmem: 0K)
Swapped out: 0K
C-Heap outstanding allocations: 27383K, retained: 780K
glibc malloc tunables: (default)

/proc/sys/kernel/threads-max (system-wide limit on the number of threads): 121786
/proc/sys/vm/max_map_count (maximum number of memory map areas a process may have): 65530
/proc/sys/vm/swappiness (control to define how aggressively the kernel swaps out anonymous memory): 60
/proc/sys/kernel/pid_max (system-wide limit on number of process identifiers): 4194304

container (cgroup) information:
container_type: cgroupv2
cpu_cpuset_cpus: not supported
cpu_memory_nodes: not supported
active_processor_count: 12
cpu_quota: not supported
cpu_period: not supported
cpu_shares: not supported
memory_limit_in_bytes: unlimited
memory_and_swap_limit_in_bytes: unlimited
memory_soft_limit_in_bytes: 0
memory_usage_in_bytes: 924472 k
memory_max_usage_in_bytes: not supported
rss_usage_in_bytes: 23948 k
cache_usage_in_bytes: 841680 k
memory_swap_current_in_bytes: 0
memory_swap_max_limit_in_bytes: unlimited
maximum number of tasks: 18267
current number of tasks: 8

Steal ticks since vm start: 0
Steal ticks percentage since vm start:  0.000

CPU: total 12 (initial active 12) (12 cores per cpu, 2 threads per core) family 23 model 104 stepping 1 microcode 0x8608104, cx8, cmov, fxsr, ht, mmx, 3dnowpref, sse, sse2, sse3, ssse3, sse4a, sse4.1, sse4.2, popcnt, lzcnt, tsc, tscinvbit, avx, avx2, aes, clmul, bmi1, bmi2, adx, sha, fma, vzeroupper, clflush, clflushopt
CPU Model and flags from /proc/cpuinfo:
model name	: AMD Ryzen 5 5500U with Radeon Graphics
flags		: fpu vme de pse tsc msr pae mce cx8 apic sep mtrr pge mca cmov pat pse36 clflush mmx fxsr sse sse2 ht syscall nx mmxext fxsr_opt pdpe1gb rdtscp lm constant_tsc rep_good nopl nonstop_tsc cpuid extd_apicid aperfmperf rapl pni pclmulqdq monitor ssse3 fma cx16 sse4_1 sse4_2 movbe popcnt aes xsave avx f16c rdrand lahf_lm cmp_legacy svm extapic cr8_legacy abm sse4a misalignsse 3dnowprefetch osvw ibs skinit wdt tce topoext perfctr_core perfctr_nb bpext perfctr_llc mwaitx cpb cat_l3 cdp_l3 hw_pstate ssbd mba ibrs ibpb stibp vmmcall fsgsbase bmi1 avx2 smep bmi2 cqm rdt_a rdseed adx smap clflushopt clwb sha_ni xsaveopt xsavec xgetbv1 cqm_llc cqm_occup_llc cqm_mbm_total cqm_mbm_local clzero irperf xsaveerptr rdpru wbnoinvd cppc arat npt lbrv svm_lock nrip_save tsc_scale vmcb_clean flushbyasid decodeassists pausefilter pfthreshold avic v_vmsave_vmload vgif v_spec_ctrl umip rdpid overflow_recov succor smca ibpb_exit_to_user

Online cpus: 0-11
Offline cpus: 12-15
BIOS frequency limitation: <Not Available>
Frequency switch latency (ns): 0
Available cpu frequencies: <Not Available>
Current governor: powersave
Core performance/turbo boost: <Not Available>

Memory: 4k page, physical 15675264k(2039084k free), swap 2097148k(1754876k free)
Page Sizes: 4k

vm_info: OpenJDK 64-Bit Server VM (17.0.18+8-Ubuntu-122.04.1) for linux-amd64 JRE (17.0.18+8-Ubuntu-122.04.1), built on Jan 29 2026 04:03:43 by "buildd" with gcc 11.4.0

END.
